Component: ARM Compiler 5.06 update 6 (build 750) Tool: armlink [4d35ed]

==============================================================================

Section Cross References

    startup_stm32f103xb.o(STACK) refers (Special) to heapauxi.o(.text) for __use_two_region_memory
    startup_stm32f103xb.o(HEAP) refers (Special) to heapauxi.o(.text) for __use_two_region_memory
    startup_stm32f103xb.o(RESET) refers (Special) to heapauxi.o(.text) for __use_two_region_memory
    startup_stm32f103xb.o(RESET) refers to startup_stm32f103xb.o(STACK) for __initial_sp
    startup_stm32f103xb.o(RESET) refers to startup_stm32f103xb.o(.text) for Reset_Handler
    startup_stm32f103xb.o(RESET) refers to stm32f1xx_it.o(i.NMI_Handler) for NMI_Handler
    startup_stm32f103xb.o(RESET) refers to stm32f1xx_it.o(i.HardFault_Handler) for HardFault_Handler
    startup_stm32f103xb.o(RESET) refers to stm32f1xx_it.o(i.MemManage_Handler) for MemManage_Handler
    startup_stm32f103xb.o(RESET) refers to stm32f1xx_it.o(i.BusFault_Handler) for BusFault_Handler
    startup_stm32f103xb.o(RESET) refers to stm32f1xx_it.o(i.UsageFault_Handler) for UsageFault_Handler
    startup_stm32f103xb.o(RESET) refers to stm32f1xx_it.o(i.SVC_Handler) for SVC_Handler
    startup_stm32f103xb.o(RESET) refers to stm32f1xx_it.o(i.DebugMon_Handler) for DebugMon_Handler
    startup_stm32f103xb.o(RESET) refers to stm32f1xx_it.o(i.PendSV_Handler) for PendSV_Handler
    startup_stm32f103xb.o(RESET) refers to stm32f1xx_it.o(i.SysTick_Handler) for SysTick_Handler
    startup_stm32f103xb.o(RESET) refers to stm32f1xx_it.o(i.DMA1_Channel1_IRQHandler) for DMA1_Channel1_IRQHandler
    startup_stm32f103xb.o(.text) refers (Special) to heapauxi.o(.text) for __use_two_region_memory
    startup_stm32f103xb.o(.text) refers to system_stm32f1xx.o(i.SystemInit) for SystemInit
    startup_stm32f103xb.o(.text) refers to __main.o(!!!main) for __main
    startup_stm32f103xb.o(.text) refers to startup_stm32f103xb.o(HEAP) for Heap_Mem
    startup_stm32f103xb.o(.text) refers to startup_stm32f103xb.o(STACK) for Stack_Mem
    main.o(i._Z18SystemClock_Configv) refers to rt_memclr_w.o(.text) for __aeabi_memclr4
    main.o(i._Z18SystemClock_Configv) refers to stm32f1xx_hal_rcc.o(i.HAL_RCC_OscConfig) for HAL_RCC_OscConfig
    main.o(i._Z18SystemClock_Configv) refers to main.o(i.Error_Handler) for Error_Handler
    main.o(i._Z18SystemClock_Configv) refers to stm32f1xx_hal_rcc.o(i.HAL_RCC_ClockConfig) for HAL_RCC_ClockConfig
    main.o(i._Z18SystemClock_Configv) refers to stm32f1xx_hal_rcc_ex.o(i.HAL_RCCEx_PeriphCLKConfig) for HAL_RCCEx_PeriphCLKConfig
    main.o(i.main) refers to stm32f1xx_hal.o(i.HAL_Init) for HAL_Init
    main.o(i.main) refers to main.o(i._Z18SystemClock_Configv) for SystemClock_Config()
    main.o(i.main) refers to gpio.o(i.MX_GPIO_Init) for MX_GPIO_Init
    main.o(i.main) refers to dma.o(i.MX_DMA_Init) for MX_DMA_Init
    main.o(i.main) refers to adc.o(i.MX_ADC1_Init) for MX_ADC1_Init
    main.o(i.main) refers to usart.o(i.MX_USART1_UART_Init) for MX_USART1_UART_Init
    main.o(i.main) refers to adc.o(i.MX_ADC2_Init) for MX_ADC2_Init
    main.o(i.main) refers to stm32f1xx_hal_adc_ex.o(i.HAL_ADCEx_Calibration_Start) for HAL_ADCEx_Calibration_Start
    main.o(i.main) refers to stm32f1xx_hal_adc.o(i.HAL_ADC_Start_DMA) for HAL_ADC_Start_DMA
    main.o(i.main) refers to stm32f1xx_hal_adc.o(i.HAL_ADC_PollForConversion) for HAL_ADC_PollForConversion
    main.o(i.main) refers to stm32f1xx_hal_adc.o(i.HAL_ADC_Start) for HAL_ADC_Start
    main.o(i.main) refers to stm32f1xx_hal_adc.o(i.HAL_ADC_GetState) for HAL_ADC_GetState
    main.o(i.main) refers to stm32f1xx_hal_adc.o(i.HAL_ADC_GetValue) for HAL_ADC_GetValue
    main.o(i.main) refers to fflt_clz.o(x$fpl$ffltu) for __aeabi_ui2f
    main.o(i.main) refers to fmul.o(x$fpl$fmul) for __aeabi_fmul
    main.o(i.main) refers to fdiv.o(x$fpl$fdiv) for __aeabi_fdiv
    main.o(i.main) refers to stm32f1xx_hal.o(i.HAL_Delay) for HAL_Delay
    main.o(i.main) refers to adc.o(.bss) for hadc1
    main.o(i.main) refers to main.o(.bss) for ADC1Value
    main.o(i.main) refers to main.o(.data) for ADC2Value
    main.o(.ARM.exidx) refers to main.o(i.Error_Handler) for i.Error_Handler
    main.o(.ARM.exidx) refers to main.o(i._Z18SystemClock_Configv) for i._Z18SystemClock_Configv
    main.o(.ARM.exidx) refers to main.o(i.main) for i.main
    gpio.o(.ARM.exidx) refers to gpio.o(i.MX_GPIO_Init) for i.MX_GPIO_Init
    adc.o(i.HAL_ADC_MspDeInit) refers to stm32f1xx_hal_gpio.o(i.HAL_GPIO_DeInit) for HAL_GPIO_DeInit
    adc.o(i.HAL_ADC_MspDeInit) refers to stm32f1xx_hal_dma.o(i.HAL_DMA_DeInit) for HAL_DMA_DeInit
    adc.o(i.HAL_ADC_MspInit) refers to stm32f1xx_hal_gpio.o(i.HAL_GPIO_Init) for HAL_GPIO_Init
    adc.o(i.HAL_ADC_MspInit) refers to stm32f1xx_hal_dma.o(i.HAL_DMA_Init) for HAL_DMA_Init
    adc.o(i.HAL_ADC_MspInit) refers to main.o(i.Error_Handler) for Error_Handler
    adc.o(i.HAL_ADC_MspInit) refers to adc.o(.bss) for hdma_adc1
[...]
    Removing stm32f1xx_hal_cortex.o(.ARM.exidx), (8 bytes).
    Removing stm32f1xx_hal_cortex.o(.ARM.exidx), (8 bytes).
    Removing stm32f1xx_hal_cortex.o(.ARM.exidx), (8 bytes).
    Removing stm32f1xx_hal_cortex.o(.ARM.exidx), (8 bytes).
    Removing stm32f1xx_hal_cortex.o(.ARM.exidx), (8 bytes).
    Removing stm32f1xx_hal_pwr.o(.rev16_text), (4 bytes).
    Removing stm32f1xx_hal_pwr.o(.revsh_text), (4 bytes).
    Removing stm32f1xx_hal_pwr.o(.rrx_text), (6 bytes).
    Removing stm32f1xx_hal_pwr.o(i.HAL_PWR_ConfigPVD), (180 bytes).
    Removing stm32f1xx_hal_pwr.o(i.HAL_PWR_DeInit), (28 bytes).
    Removing stm32f1xx_hal_pwr.o(i.HAL_PWR_DisableBkUpAccess), (12 bytes).
    Removing stm32f1xx_hal_pwr.o(i.HAL_PWR_DisablePVD), (12 bytes).
    Removing stm32f1xx_hal_pwr.o(i.HAL_PWR_DisableSEVOnPend), (20 bytes).
    Removing stm32f1xx_hal_pwr.o(i.HAL_PWR_DisableSleepOnExit), (20 bytes).
    Removing stm32f1xx_hal_pwr.o(i.HAL_PWR_DisableWakeUpPin), (28 bytes).
    Removing stm32f1xx_hal_pwr.o(i.HAL_PWR_EnableBkUpAccess), (12 bytes).
    Removing stm32f1xx_hal_pwr.o(i.HAL_PWR_EnablePVD), (12 bytes).
    Removing stm32f1xx_hal_pwr.o(i.HAL_PWR_EnableSEVOnPend), (20 bytes).
    Removing stm32f1xx_hal_pwr.o(i.HAL_PWR_EnableSleepOnExit), (20 bytes).
    Removing stm32f1xx_hal_pwr.o(i.HAL_PWR_EnableWakeUpPin), (28 bytes).
    Removing stm32f1xx_hal_pwr.o(i.HAL_PWR_EnterSLEEPMode), (32 bytes).
    Removing stm32f1xx_hal_pwr.o(i.HAL_PWR_EnterSTANDBYMode), (40 bytes).
    Removing stm32f1xx_hal_pwr.o(i.HAL_PWR_EnterSTOPMode), (84 bytes).
    Removing stm32f1xx_hal_pwr.o(i.HAL_PWR_PVDCallback), (2 bytes).
    Removing stm32f1xx_hal_pwr.o(i.HAL_PWR_PVD_IRQHandler), (32 bytes).
    Removing stm32f1xx_hal_pwr.o(i._ZN41_INTERNAL_19_stm32f1xx_hal_pwr_c_f2cfe8be15PWR_OverloadWfeEv), (6 bytes).
    Removing stm32f1xx_hal_pwr.o(.ARM.exidx), (8 bytes).
    Removing stm32f1xx_hal_pwr.o(.ARM.exidx), (8 bytes).
    Removing stm32f1xx_hal_pwr.o(.ARM.exidx), (8 bytes).
    Removing stm32f1xx_hal_pwr.o(.ARM.exidx), (8 bytes).
    Removing stm32f1xx_hal_pwr.o(.ARM.exidx), (8 bytes).
    Removing stm32f1xx_hal_pwr.o(.ARM.exidx), (8 bytes).
    Removing stm32f1xx_hal_pwr.o(.ARM.exidx), (8 bytes).
    Removing stm32f1xx_hal_pwr.o(.ARM.exidx), (8 bytes).
    Removing stm32f1xx_hal_pwr.o(.ARM.exidx), (8 bytes).
    Removing stm32f1xx_hal_pwr.o(.ARM.exidx), (8 bytes).
    Removing stm32f1xx_hal_pwr.o(.ARM.exidx), (8 bytes).
    Removing stm32f1xx_hal_pwr.o(.ARM.exidx), (8 bytes).
    Removing stm32f1xx_hal_pwr.o(.ARM.exidx), (8 bytes).
    Removing stm32f1xx_hal_pwr.o(.ARM.exidx), (8 bytes).
    Removing stm32f1xx_hal_pwr.o(.ARM.exidx), (8 bytes).
    Removing stm32f1xx_hal_pwr.o(.ARM.exidx), (8 bytes).
    Removing stm32f1xx_hal_pwr.o(.ARM.exidx), (8 bytes).
    Removing stm32f1xx_hal_pwr.o(.ARM.exidx), (8 bytes).
    Removing stm32f1xx_hal_flash.o(.rev16_text), (4 bytes).
    Removing stm32f1xx_hal_flash.o(.revsh_text), (4 bytes).
    Removing stm32f1xx_hal_flash.o(.rrx_text), (6 bytes).
    Removing stm32f1xx_hal_flash.o(i.FLASH_WaitForLastOperation), (112 bytes).
    Removing stm32f1xx_hal_flash.o(i.HAL_FLASH_EndOfOperationCallback), (2 bytes).
    Removing stm32f1xx_hal_flash.o(i.HAL_FLASH_GetError), (12 bytes).
    Removing stm32f1xx_hal_flash.o(i.HAL_FLASH_IRQHandler), (376 bytes).
    Removing stm32f1xx_hal_flash.o(i.HAL_FLASH_Lock), (20 bytes).
    Removing stm32f1xx_hal_flash.o(i.HAL_FLASH_OB_Launch), (8 bytes).
    Removing stm32f1xx_hal_flash.o(i.HAL_FLASH_OB_Lock), (20 bytes).
    Removing stm32f1xx_hal_flash.o(i.HAL_FLASH_OB_Unlock), (44 bytes).
    Removing stm32f1xx_hal_flash.o(i.HAL_FLASH_OperationErrorCallback), (2 bytes).
    Removing stm32f1xx_hal_flash.o(i.HAL_FLASH_Program), (176 bytes).
    Removing stm32f1xx_hal_flash.o(i.HAL_FLASH_Program_IT), (100 bytes).
    Removing stm32f1xx_hal_flash.o(i.HAL_FLASH_Unlock), (48 bytes).
    Removing stm32f1xx_hal_flash.o(i._ZN43_INTERNAL_21_stm32f1xx_hal_flash_c_48aa8f3e18FLASH_SetErrorCodeEv), (132 bytes).
    Removing stm32f1xx_hal_flash.o(i._ZN43_INTERNAL_21_stm32f1xx_hal_flash_c_48aa8f3e22FLASH_Program_HalfWordEjt), (32 bytes).
    Removing stm32f1xx_hal_flash.o(.ARM.exidx), (8 bytes).
    Removing stm32f1xx_hal_flash.o(.ARM.exidx), (8 bytes).
    Removing stm32f1xx_hal_flash.o(.ARM.exidx), (8 bytes).
    Removing stm32f1xx_hal_flash.o(.ARM.exidx), (8 bytes).
    Removing stm32f1xx_hal_flash.o(.ARM.exidx), (8 bytes).
    Removing stm32f1xx_hal_flash.o(.ARM.exidx), (8 bytes).
    Removing stm32f1xx_hal_flash.o(.ARM.exidx), (8 bytes).
    Removing stm32f1xx_hal_flash.o(.ARM.exidx), (8 bytes).
    Removing stm32f1xx_hal_flash.o(.ARM.exidx), (8 bytes).
    Removing stm32f1xx_hal_flash.o(.ARM.exidx), (8 bytes).
    Removing stm32f1xx_hal_flash.o(.ARM.exidx), (8 bytes).
    Removing stm32f1xx_hal_flash.o(.ARM.exidx), (8 bytes).
    Removing stm32f1xx_hal_flash.o(.ARM.exidx), (8 bytes).
    Removing stm32f1xx_hal_flash.o(.ARM.exidx), (8 bytes).
    Removing stm32f1xx_hal_flash.o(.bss), (32 bytes).
    Removing stm32f1xx_hal_flash_ex.o(.rev16_text), (4 bytes).
    Removing stm32f1xx_hal_flash_ex.o(.revsh_text), (4 bytes).
    Removing stm32f1xx_hal_flash_ex.o(.rrx_text), (6 bytes).
    Removing stm32f1xx_hal_flash_ex.o(i.HAL_FLASHEx_Erase), (176 bytes).
    Removing stm32f1xx_hal_flash_ex.o(i.HAL_FLASHEx_Erase_IT), (80 bytes).
    Removing stm32f1xx_hal_flash_ex.o(i.HAL_FLASHEx_OBErase), (96 bytes).
    Removing stm32f1xx_hal_flash_ex.o(i.HAL_FLASHEx_OBGetConfig), (28 bytes).
    Removing stm32f1xx_hal_flash_ex.o(i.HAL_FLASHEx_OBGetUserData), (40 bytes).
    Removing stm32f1xx_hal_flash_ex.o(i.HAL_FLASHEx_OBProgram), (200 bytes).
    Removing stm32f1xx_hal_flash_ex.o(i._Z15FLASH_PageErasej), (40 bytes).
    Removing stm32f1xx_hal_flash_ex.o(i._ZN46_INTERNAL_24_stm32f1xx_hal_flash_ex_c_6648b60e15FLASH_MassEraseEj), (40 bytes).
    Removing stm32f1xx_hal_flash_ex.o(i._ZN46_INTERNAL_24_stm32f1xx_hal_flash_ex_c_6648b60e15FLASH_OB_GetRDPEv), (28 bytes).
    Removing stm32f1xx_hal_flash_ex.o(i._ZN46_INTERNAL_24_stm32f1xx_hal_flash_ex_c_6648b60e15FLASH_OB_GetWRPEv), (12 bytes).
    Removing stm32f1xx_hal_flash_ex.o(i._ZN46_INTERNAL_24_stm32f1xx_hal_flash_ex_c_6648b60e16FLASH_OB_GetUserEv), (16 bytes).
    Removing stm32f1xx_hal_flash_ex.o(i._ZN46_INTERNAL_24_stm32f1xx_hal_flash_ex_c_6648b60e18FLASH_OB_EnableWRPEj), (236 bytes).
    Removing stm32f1xx_hal_flash_ex.o(i._ZN46_INTERNAL_24_stm32f1xx_hal_flash_ex_c_6648b60e19FLASH_OB_DisableWRPEj), (232 bytes).
    Removing stm32f1xx_hal_flash_ex.o(i._ZN46_INTERNAL_24_stm32f1xx_hal_flash_ex_c_6648b60e19FLASH_OB_UserConfigEh), (84 bytes).
    Removing stm32f1xx_hal_flash_ex.o(i._ZN46_INTERNAL_24_stm32f1xx_hal_flash_ex_c_6648b60e20FLASH_OB_ProgramDataEjh), (76 bytes).
    Removing stm32f1xx_hal_flash_ex.o(i._ZN46_INTERNAL_24_stm32f1xx_hal_flash_ex_c_6648b60e24FLASH_OB_RDP_LevelConfigEh), (124 bytes).
    Removing stm32f1xx_hal_flash_ex.o(.ARM.exidx), (8 bytes).
    Removing stm32f1xx_hal_flash_ex.o(.ARM.exidx), (8 bytes).
    Removing stm32f1xx_hal_flash_ex.o(.ARM.exidx), (8 bytes).
    Removing stm32f1xx_hal_flash_ex.o(.ARM.exidx), (8 bytes).
    Removing stm32f1xx_hal_flash_ex.o(.ARM.exidx), (8 bytes).
    Removing stm32f1xx_hal_flash_ex.o(.ARM.exidx), (8 bytes).
    Removing stm32f1xx_hal_flash_ex.o(.ARM.exidx), (8 bytes).
    Removing stm32f1xx_hal_flash_ex.o(.ARM.exidx), (8 bytes).
    Removing stm32f1xx_hal_flash_ex.o(.ARM.exidx), (8 bytes).
    Removing stm32f1xx_hal_flash_ex.o(.ARM.exidx), (8 bytes).
    Removing stm32f1xx_hal_flash_ex.o(.ARM.exidx), (8 bytes).
    Removing stm32f1xx_hal_flash_ex.o(.ARM.exidx), (8 bytes).
    Removing stm32f1xx_hal_flash_ex.o(.ARM.exidx), (8 bytes).
    Removing stm32f1xx_hal_flash_ex.o(.ARM.exidx), (8 bytes).
    Removing stm32f1xx_hal_flash_ex.o(.ARM.exidx), (8 bytes).
    Removing stm32f1xx_hal_flash_ex.o(.ARM.exidx), (8 bytes).
    Removing stm32f1xx_hal_exti.o(.rev16_text), (4 bytes).
    Removing stm32f1xx_hal_exti.o(.revsh_text), (4 bytes).
    Removing stm32f1xx_hal_exti.o(.rrx_text), (6 bytes).
    Removing stm32f1xx_hal_exti.o(i.HAL_EXTI_ClearConfigLine), (120 bytes).
    Removing stm32f1xx_hal_exti.o(i.HAL_EXTI_ClearPending), (28 bytes).
    Removing stm32f1xx_hal_exti.o(i.HAL_EXTI_GenerateSWI), (24 bytes).
    Removing stm32f1xx_hal_exti.o(i.HAL_EXTI_GetConfigLine), (156 bytes).
    Removing stm32f1xx_hal_exti.o(i.HAL_EXTI_GetHandle), (14 bytes).
    Removing stm32f1xx_hal_exti.o(i.HAL_EXTI_GetPending), (36 bytes).
    Removing stm32f1xx_hal_exti.o(i.HAL_EXTI_IRQHandler), (44 bytes).
    Removing stm32f1xx_hal_exti.o(i.HAL_EXTI_SetConfigLine), (240 bytes).
    Removing stm32f1xx_hal_exti.o(i._Z25HAL_EXTI_RegisterCallbackP18EXTI_HandleTypeDef22EXTI_CallbackIDTypeDefPFvvE), (20 bytes).
    Removing stm32f1xx_hal_exti.o(.ARM.exidx), (8 bytes).
    Removing stm32f1xx_hal_exti.o(.ARM.exidx), (8 bytes).
    Removing stm32f1xx_hal_exti.o(.ARM.exidx), (8 bytes).
    Removing stm32f1xx_hal_exti.o(.ARM.exidx), (8 bytes).
    Removing stm32f1xx_hal_exti.o(.ARM.exidx), (8 bytes).
    Removing stm32f1xx_hal_exti.o(.ARM.exidx), (8 bytes).
    Removing stm32f1xx_hal_exti.o(.ARM.exidx), (8 bytes).
    Removing stm32f1xx_hal_exti.o(.ARM.exidx), (8 bytes).
    Removing stm32f1xx_hal_exti.o(.ARM.exidx), (8 bytes).
    Removing stm32f1xx_hal_uart.o(.rev16_text), (4 bytes).
    Removing stm32f1xx_hal_uart.o(.revsh_text), (4 bytes).
    Removing stm32f1xx_hal_uart.o(.rrx_text), (6 bytes).
    Removing stm32f1xx_hal_uart.o(i.HAL_HalfDuplex_EnableReceiver), (68 bytes).
    Removing stm32f1xx_hal_uart.o(i.HAL_HalfDuplex_EnableTransmitter), (68 bytes).
    Removing stm32f1xx_hal_uart.o(i.HAL_HalfDuplex_Init), (122 bytes).
    Removing stm32f1xx_hal_uart.o(i.HAL_LIN_Init), (146 bytes).
    Removing stm32f1xx_hal_uart.o(i.HAL_LIN_SendBreak), (80 bytes).
    Removing stm32f1xx_hal_uart.o(i.HAL_MultiProcessor_EnterMuteMode), (82 bytes).
    Removing stm32f1xx_hal_uart.o(i.HAL_MultiProcessor_ExitMuteMode), (82 bytes).
    Removing stm32f1xx_hal_uart.o(i.HAL_MultiProcessor_Init), (158 bytes).
    Removing stm32f1xx_hal_uart.o(i.HAL_UARTEx_GetRxEventType), (6 bytes).
    Removing stm32f1xx_hal_uart.o(i.HAL_UARTEx_ReceiveToIdle), (296 bytes).
    Removing stm32f1xx_hal_uart.o(i.HAL_UARTEx_ReceiveToIdle_DMA), (112 bytes).
    Removing stm32f1xx_hal_uart.o(i.HAL_UARTEx_ReceiveToIdle_IT), (114 bytes).
    Removing stm32f1xx_hal_uart.o(i.HAL_UARTEx_RxEventCallback), (2 bytes).
    Removing stm32f1xx_hal_uart.o(i.HAL_UART_Abort), (278 bytes).
    Removing stm32f1xx_hal_uart.o(i.HAL_UART_AbortCpltCallback), (2 bytes).
    Removing stm32f1xx_hal_uart.o(i.HAL_UART_AbortReceive), (194 bytes).
    Removing stm32f1xx_hal_uart.o(i.HAL_UART_AbortReceiveCpltCallback), (2 bytes).
    Removing stm32f1xx_hal_uart.o(i.HAL_UART_AbortReceive_IT), (216 bytes).
    Removing stm32f1xx_hal_uart.o(i.HAL_UART_AbortTransmit), (124 bytes).
    Removing stm32f1xx_hal_uart.o(i.HAL_UART_AbortTransmitCpltCallback), (2 bytes).
    Removing stm32f1xx_hal_uart.o(i.HAL_UART_AbortTransmit_IT), (144 bytes).
    Removing stm32f1xx_hal_uart.o(i.HAL_UART_Abort_IT), (328 bytes).
    Removing stm32f1xx_hal_uart.o(i.HAL_UART_DMAPause), (166 bytes).
    Removing stm32f1xx_hal_uart.o(i.HAL_UART_DMAResume), (170 bytes).
    Removing stm32f1xx_hal_uart.o(i.HAL_UART_DMAStop), (138 bytes).
    Removing stm32f1xx_hal_uart.o(i.HAL_UART_DeInit), (62 bytes).
    Removing stm32f1xx_hal_uart.o(i.HAL_UART_ErrorCallback), (2 bytes).
    Removing stm32f1xx_hal_uart.o(i.HAL_UART_GetError), (6 bytes).
    Removing stm32f1xx_hal_uart.o(i.HAL_UART_GetState), (20 bytes).
    Removing stm32f1xx_hal_uart.o(i.HAL_UART_IRQHandler), (740 bytes).
    Removing stm32f1xx_hal_uart.o(i.HAL_UART_MspDeInit), (2 bytes).
    Removing stm32f1xx_hal_uart.o(i.HAL_UART_MspInit), (2 bytes).
    Removing stm32f1xx_hal_uart.o(i.HAL_UART_Receive), (194 bytes).
    Removing stm32f1xx_hal_uart.o(i.HAL_UART_Receive_DMA), (44 bytes).
    Removing stm32f1xx_hal_uart.o(i.HAL_UART_Receive_IT), (44 bytes).
    Removing stm32f1xx_hal_uart.o(i.HAL_UART_RxCpltCallback), (2 bytes).
    Removing stm32f1xx_hal_uart.o(i.HAL_UART_RxHalfCpltCallback), (2 bytes).
    Removing stm32f1xx_hal_uart.o(i.HAL_UART_Transmit), (190 bytes).
    Removing stm32f1xx_hal_uart.o(i.HAL_UART_Transmit_DMA), (140 bytes).
    Removing stm32f1xx_hal_uart.o(i.HAL_UART_Transmit_IT), (56 bytes).
    Removing stm32f1xx_hal_uart.o(i.HAL_UART_TxCpltCallback), (2 bytes).
    Removing stm32f1xx_hal_uart.o(i.HAL_UART_TxHalfCpltCallback), (2 bytes).
    Removing stm32f1xx_hal_uart.o(i.UART_Start_Receive_DMA), (200 bytes).
    Removing stm32f1xx_hal_uart.o(i.UART_Start_Receive_IT), (64 bytes).
    Removing stm32f1xx_hal_uart.o(i._ZN42_INTERNAL_20_stm32f1xx_hal_uart_c_d497114f13UART_DMAErrorEP19__DMA_HandleTypeDef), (80 bytes).
    Removing stm32f1xx_hal_uart.o(i._ZN42_INTERNAL_20_stm32f1xx_hal_uart_c_d497114f15UART_Receive_ITEP20__UART_HandleTypeDef), (252 bytes).
    Removing stm32f1xx_hal_uart.o(i._ZN42_INTERNAL_20_stm32f1xx_hal_uart_c_d497114f16UART_Transmit_ITEP20__UART_HandleTypeDef), (96 bytes).
    Removing stm32f1xx_hal_uart.o(i._ZN42_INTERNAL_20_stm32f1xx_hal_uart_c_d497114f18UART_DMARxHalfCpltEP19__DMA_HandleTypeDef), (36 bytes).
    Removing stm32f1xx_hal_uart.o(i._ZN42_INTERNAL_20_stm32f1xx_hal_uart_c_d497114f18UART_DMATxHalfCpltEP19__DMA_HandleTypeDef), (14 bytes).
    Removing stm32f1xx_hal_uart.o(i._ZN42_INTERNAL_20_stm32f1xx_hal_uart_c_d497114f18UART_EndRxTransferEP20__UART_HandleTypeDef), (108 bytes).
    Removing stm32f1xx_hal_uart.o(i._ZN42_INTERNAL_20_stm32f1xx_hal_uart_c_d497114f18UART_EndTxTransferEP20__UART_HandleTypeDef), (38 bytes).
    Removing stm32f1xx_hal_uart.o(i._ZN42_INTERNAL_20_stm32f1xx_hal_uart_c_d497114f19UART_DMAReceiveCpltEP19__DMA_HandleTypeDef), (180 bytes).
    Removing stm32f1xx_hal_uart.o(i._ZN42_INTERNAL_20_stm32f1xx_hal_uart_c_d497114f19UART_EndTransmit_ITEP20__UART_HandleTypeDef), (32 bytes).
    Removing stm32f1xx_hal_uart.o(i._ZN42_INTERNAL_20_stm32f1xx_hal_uart_c_d497114f20UART_DMAAbortOnErrorEP19__DMA_HandleTypeDef), (20 bytes).
    Removing stm32f1xx_hal_uart.o(i._ZN42_INTERNAL_20_stm32f1xx_hal_uart_c_d497114f20UART_DMATransmitCpltEP19__DMA_HandleTypeDef), (88 bytes).
    Removing stm32f1xx_hal_uart.o(i._ZN42_INTERNAL_20_stm32f1xx_hal_uart_c_d497114f23UART_DMARxAbortCallbackEP19__DMA_HandleTypeDef), (56 bytes).
    Removing stm32f1xx_hal_uart.o(i._ZN42_INTERNAL_20_stm32f1xx_hal_uart_c_d497114f23UART_DMATxAbortCallbackEP19__DMA_HandleTypeDef), (56 bytes).
    Removing stm32f1xx_hal_uart.o(i._ZN42_INTERNAL_20_stm32f1xx_hal_uart_c_d497114f27UART_DMARxOnlyAbortCallbackEP19__DMA_HandleTypeDef), (28 bytes).
    Removing stm32f1xx_hal_uart.o(i._ZN42_INTERNAL_20_stm32f1xx_hal_uart_c_d497114f27UART_DMATxOnlyAbortCallbackEP19__DMA_HandleTypeDef), (24 bytes).
    Removing stm32f1xx_hal_uart.o(i._ZN42_INTERNAL_20_stm32f1xx_hal_uart_c_d497114f27UART_WaitOnFlagUntilTimeoutEP20__UART_HandleTypeDefj10FlagStatusjj), (140 bytes).
    Removing stm32f1xx_hal_uart.o(.ARM.exidx), (8 bytes).
    Removing stm32f1xx_hal_uart.o(.ARM.exidx), (8 bytes).
    Removing stm32f1xx_hal_uart.o(.ARM.exidx), (8 bytes).
    Removing stm32f1xx_hal_uart.o(.ARM.exidx), (8 bytes).
    Removing stm32f1xx_hal_uart.o(.ARM.exidx), (8 bytes).
    Removing stm32f1xx_hal_uart.o(.ARM.exidx), (8 bytes).
    Removing stm32f1xx_hal_uart.o(.ARM.exidx), (8 bytes).
    Removing stm32f1xx_hal_uart.o(.ARM.exidx), (8 bytes).
    Removing stm32f1xx_hal_uart.o(.ARM.exidx), (8 bytes).
    Removing stm32f1xx_hal_uart.o(.ARM.exidx), (8 bytes).
    Removing stm32f1xx_hal_uart.o(.ARM.exidx), (8 bytes).
    Removing stm32f1xx_hal_uart.o(.ARM.exidx), (8 bytes).
    Removing stm32f1xx_hal_uart.o(.ARM.exidx), (8 bytes).
    Removing stm32f1xx_hal_uart.o(.ARM.exidx), (8 bytes).
    Removing stm32f1xx_hal_uart.o(.ARM.exidx), (8 bytes).
    Removing stm32f1xx_hal_uart.o(.ARM.exidx), (8 bytes).
    Removing stm32f1xx_hal_uart.o(.ARM.exidx), (8 bytes).
    Removing stm32f1xx_hal_uart.o(.ARM.exidx), (8 bytes).
    Removing stm32f1xx_hal_uart.o(.ARM.exidx), (8 bytes).
    Removing stm32f1xx_hal_uart.o(.ARM.exidx), (8 bytes).
    Removing stm32f1xx_hal_uart.o(.ARM.exidx), (8 bytes).
    Removing stm32f1xx_hal_uart.o(.ARM.exidx), (8 bytes).
    Removing stm32f1xx_hal_uart.o(.ARM.exidx), (8 bytes).
    Removing stm32f1xx_hal_uart.o(.ARM.exidx), (8 bytes).
    Removing stm32f1xx_hal_uart.o(.ARM.exidx), (8 bytes).
    Removing stm32f1xx_hal_uart.o(.ARM.exidx), (8 bytes).
    Removing stm32f1xx_hal_uart.o(.ARM.exidx), (8 bytes).
    Removing stm32f1xx_hal_uart.o(.ARM.exidx), (8 bytes).
    Removing stm32f1xx_hal_uart.o(.ARM.exidx), (8 bytes).
    Removing stm32f1xx_hal_uart.o(.ARM.exidx), (8 bytes).
    Removing stm32f1xx_hal_uart.o(.ARM.exidx), (8 bytes).
    Removing stm32f1xx_hal_uart.o(.ARM.exidx), (8 bytes).
    Removing stm32f1xx_hal_uart.o(.ARM.exidx), (8 bytes).
    Removing stm32f1xx_hal_uart.o(.ARM.exidx), (8 bytes).
    Removing stm32f1xx_hal_uart.o(.ARM.exidx), (8 bytes).
    Removing stm32f1xx_hal_uart.o(.ARM.exidx), (8 bytes).
    Removing stm32f1xx_hal_uart.o(.ARM.exidx), (8 bytes).
    Removing stm32f1xx_hal_uart.o(.ARM.exidx), (8 bytes).
    Removing stm32f1xx_hal_uart.o(.ARM.exidx), (8 bytes).
    Removing stm32f1xx_hal_uart.o(.ARM.exidx), (8 bytes).
    Removing stm32f1xx_hal_uart.o(.ARM.exidx), (8 bytes).
    Removing stm32f1xx_hal_uart.o(.ARM.exidx), (8 bytes).
    Removing stm32f1xx_hal_uart.o(.ARM.exidx), (8 bytes).
    Removing stm32f1xx_hal_uart.o(.ARM.exidx), (8 bytes).
    Removing stm32f1xx_hal_uart.o(.ARM.exidx), (8 bytes).
    Removing stm32f1xx_hal_uart.o(.ARM.exidx), (8 bytes).
    Removing stm32f1xx_hal_uart.o(.ARM.exidx), (8 bytes).
    Removing stm32f1xx_hal_uart.o(.ARM.exidx), (8 bytes).
    Removing stm32f1xx_hal_uart.o(.ARM.exidx), (8 bytes).
    Removing stm32f1xx_hal_uart.o(.ARM.exidx), (8 bytes).
    Removing stm32f1xx_hal_uart.o(.ARM.exidx), (8 bytes).
    Removing stm32f1xx_hal_uart.o(.ARM.exidx), (8 bytes).
    Removing stm32f1xx_hal_uart.o(.ARM.exidx), (8 bytes).
    Removing stm32f1xx_hal_uart.o(.ARM.exidx), (8 bytes).
    Removing stm32f1xx_hal_uart.o(.ARM.exidx), (8 bytes).
    Removing stm32f1xx_hal_uart.o(.ARM.exidx), (8 bytes).
    Removing stm32f1xx_hal_uart.o(.ARM.exidx), (8 bytes).
    Removing stm32f1xx_hal_uart.o(.ARM.exidx), (8 bytes).
    Removing stm32f1xx_hal_uart.o(.ARM.exidx), (8 bytes).
    Removing stm32f1xx_hal_uart.o(.ARM.exidx), (8 bytes).
    Removing stm32f1xx_hal_uart.o(.ARM.exidx), (8 bytes).
    Removing stm32f1xx_hal_uart.o(.ARM.exidx), (8 bytes).
    Removing system_stm32f1xx.o(.rev16_text), (4 bytes).
    Removing system_stm32f1xx.o(.revsh_text), (4 bytes).
    Removing system_stm32f1xx.o(.rrx_text), (6 bytes).
    Removing system_stm32f1xx.o(i.SystemCoreClockUpdate), (164 bytes).
    Removing system_stm32f1xx.o(.ARM.exidx), (8 bytes).
    Removing system_stm32f1xx.o(.ARM.exidx), (8 bytes).

538 unused section(s) (total 19924 bytes) removed from the image.

==============================================================================

Image Symbol Table

    Local Symbols

    Symbol Name                              Value     Ov Type        Size  Object(Section)

    ../Core/Src/adc.c                        0x00000000   Number         0  adc.o ABSOLUTE
    ../Core/Src/dma.c                        0x00000000   Number         0  dma.o ABSOLUTE
    ../Core/Src/gpio.c                       0x00000000   Number         0  gpio.o ABSOLUTE
    ../Core/Src/main.c                       0x00000000   Number         0  main.o ABSOLUTE
    ../Core/Src/stm32f1xx_hal_msp.c          0x00000000   Number         0  stm32f1xx_hal_msp.o ABSOLUTE
    ../Core/Src/stm32f1xx_it.c               0x00000000   Number         0  stm32f1xx_it.o ABSOLUTE
    ../Core/Src/system_stm32f1xx.c           0x00000000   Number         0  system_stm32f1xx.o ABSOLUTE
    ../Core/Src/usart.c                      0x00000000   Number         0  usart.o ABSOLUTE
    ../Drivers/STM32F1xx_HAL_Driver/Src/stm32f1xx_hal.c 0x00000000   Number         0  stm32f1xx_hal.o ABSOLUTE
    ../Drivers/STM32F1xx_HAL_Driver/Src/stm32f1xx_hal_adc.c 0x00000000   Number         0  stm32f1xx_hal_adc.o ABSOLUTE
    ../Drivers/STM32F1xx_HAL_Driver/Src/stm32f1xx_hal_adc_ex.c 0x00000000   Number         0  stm32f1xx_hal_adc_ex.o ABSOLUTE
    ../Drivers/STM32F1xx_HAL_Driver/Src/stm32f1xx_hal_cortex.c 0x00000000   Number         0  stm32f1xx_hal_cortex.o ABSOLUTE
    ../Drivers/STM32F1xx_HAL_Driver/Src/stm32f1xx_hal_dma.c 0x00000000   Number         0  stm32f1xx_hal_dma.o ABSOLUTE
    ../Drivers/STM32F1xx_HAL_Driver/Src/stm32f1xx_hal_exti.c 0x00000000   Number         0  stm32f1xx_hal_exti.o ABSOLUTE
    ../Drivers/STM32F1xx_HAL_Driver/Src/stm32f1xx_hal_flash.c 0x00000000   Number         0  stm32f1xx_hal_flash.o ABSOLUTE
    ../Drivers/STM32F1xx_HAL_Driver/Src/stm32f1xx_hal_flash_ex.c 0x00000000   Number         0  stm32f1xx_hal_flash_ex.o ABSOLUTE
    ../Drivers/STM32F1xx_HAL_Driver/Src/stm32f1xx_hal_gpio.c 0x00000000   Number         0  stm32f1xx_hal_gpio.o ABSOLUTE
    ../Drivers/STM32F1xx_HAL_Driver/Src/stm32f1xx_hal_gpio_ex.c 0x00000000   Number         0  stm32f1xx_hal_gpio_ex.o ABSOLUTE
    ../Drivers/STM32F1xx_HAL_Driver/Src/stm32f1xx_hal_pwr.c 0x00000000   Number         0  stm32f1xx_hal_pwr.o ABSOLUTE
    ../Drivers/STM32F1xx_HAL_Driver/Src/stm32f1xx_hal_rcc.c 0x00000000   Number         0  stm32f1xx_hal_rcc.o ABSOLUTE
    ../Drivers/STM32F1xx_HAL_Driver/Src/stm32f1xx_hal_rcc_ex.c 0x00000000   Number         0  stm32f1xx_hal_rcc_ex.o ABSOLUTE
    ../Drivers/STM32F1xx_HAL_Driver/Src/stm32f1xx_hal_uart.c 0x00000000   Number         0  stm32f1xx_hal_uart.o ABSOLUTE
    ../clib/angel/boardlib.s                 0x00000000   Number         0  boardinit1.o ABSOLUTE
    ../clib/angel/boardlib.s                 0x00000000   Number         0  boardshut.o ABSOLUTE
    ../clib/angel/boardlib.s                 0x00000000   Number         0  boardinit2.o ABSOLUTE
    ../clib/angel/boardlib.s                 0x00000000   Number         0  boardinit3.o ABSOLUTE
    ../clib/angel/handlers.s                 0x00000000   Number         0  __scatter_zi.o ABSOLUTE
    ../clib/angel/handlers.s                 0x00000000   Number         0  __scatter_copy.o ABSOLUTE
    ../clib/angel/kernel.s                   0x00000000   Number         0  __rtentry4.o ABSOLUTE
    ../clib/angel/kernel.s                   0x00000000   Number         0  rtexit2.o ABSOLUTE
    ../clib/angel/kernel.s                   0x00000000   Number         0  __rtentry2.o ABSOLUTE
    ../clib/angel/kernel.s                   0x00000000   Number         0  rtexit.o ABSOLUTE
    ../clib/angel/kernel.s                   0x00000000   Number         0  __rtentry.o ABSOLUTE
    ../clib/angel/rt.s                       0x00000000   Number         0  rt_raise.o ABSOLUTE
    ../clib/angel/scatter.s                  0x00000000   Number         0  __scatter.o ABSOLUTE
    ../clib/angel/startup.s                  0x00000000   Number         0  __main.o ABSOLUTE
    ../clib/angel/sys.s                      0x00000000   Number         0  indicate_semi.o ABSOLUTE
    ../clib/angel/sys.s                      0x00000000   Number         0  use_no_semi.o ABSOLUTE
    ../clib/angel/sys.s                      0x00000000   Number         0  libspace.o ABSOLUTE
    ../clib/angel/sys.s                      0x00000000   Number         0  sys_stackheap_outer.o ABSOLUTE
    ../clib/angel/sysapp.c                   0x00000000   Number         0  sys_exit.o ABSOLUTE
    ../clib/angel/sysapp.c                   0x00000000   Number         0  sys_command.o ABSOLUTE
    ../clib/angel/sysapp.c                   0x00000000   Number         0  sys_wrch.o ABSOLUTE
    ../clib/armsys.c                         0x00000000   Number         0  argv_veneer.o ABSOLUTE
    ../clib/armsys.c                         0x00000000   Number         0  argv_veneer.o ABSOLUTE
    ../clib/armsys.c                         0x00000000   Number         0  _get_argv_nomalloc.o ABSOLUTE
    ../clib/armsys.c                         0x00000000   Number         0  no_argv.o ABSOLUTE
    ../clib/heapalloc.c                      0x00000000   Number         0  hrguard.o ABSOLUTE
    ../clib/heapaux.c                        0x00000000   Number         0  heapauxi.o ABSOLUTE
    ../clib/libinit.s                        0x00000000   Number         0  libshutdown.o ABSOLUTE
    ../clib/libinit.s                        0x00000000   Number         0  libinit.o ABSOLUTE
    ../clib/libinit.s                        0x00000000   Number         0  libshutdown2.o ABSOLUTE
    ../clib/libinit.s                        0x00000000   Number         0  libinit2.o ABSOLUTE
    ../clib/longlong.s                       0x00000000   Number         0  llushr.o ABSOLUTE
    ../clib/memcpset.s                       0x00000000   Number         0  rt_memclr_w.o ABSOLUTE
    ../clib/signal.c                         0x00000000   Number         0  defsig_cppl_inner.o ABSOLUTE
    ../clib/signal.c                         0x00000000   Number         0  defsig_pvfn_inner.o ABSOLUTE
    ../clib/signal.c                         0x00000000   Number         0  defsig_stak_inner.o ABSOLUTE
    ../clib/signal.c                         0x00000000   Number         0  defsig_segv_inner.o ABSOLUTE
    ../clib/signal.c                         0x00000000   Number         0  defsig_rtred_inner.o ABSOLUTE
    ../clib/signal.c                         0x00000000   Number         0  defsig_fpe_inner.o ABSOLUTE
    ../clib/signal.c                         0x00000000   Number         0  defsig_abrt_inner.o ABSOLUTE
    ../clib/signal.c                         0x00000000   Number         0  defsig_general.o ABSOLUTE
    ../clib/signal.c                         0x00000000   Number         0  __raise.o ABSOLUTE
    ../clib/signal.c                         0x00000000   Number         0  defsig_rtmem_inner.o ABSOLUTE
    ../clib/signal.c                         0x00000000   Number         0  defsig_exit.o ABSOLUTE
    ../clib/signal.c                         0x00000000   Number         0  defsig_rtmem_formal.o ABSOLUTE
    ../clib/signal.c                         0x00000000   Number         0  defsig_rtmem_outer.o ABSOLUTE
    ../clib/signal.c                         0x00000000   Number         0  defsig_other.o ABSOLUTE
    ../clib/signal.s                         0x00000000   Number         0  defsig.o ABSOLUTE
    ../clib/stdlib.c                         0x00000000   Number         0  exit.o ABSOLUTE
    ../fplib/fdiv.s                          0x00000000   Number         0  fdiv.o ABSOLUTE
    ../fplib/fflt.s                          0x00000000   Number         0  fflt_clz.o ABSOLUTE
    ../fplib/fmul.s                          0x00000000   Number         0  fmul.o ABSOLUTE
    ../fplib/fnaninf.s                       0x00000000   Number         0  fnaninf.o ABSOLUTE
    ../fplib/fpinit.s                        0x00000000   Number         0  fpinit.o ABSOLUTE
    ../fplib/fretinf.s                       0x00000000   Number         0  fretinf.o ABSOLUTE
    ../fplib/usenofp.s                       0x00000000   Number         0  usenofp.o ABSOLUTE
    ..\Core\Src\adc.c                        0x00000000   Number         0  adc.o ABSOLUTE
    ..\Core\Src\dma.c                        0x00000000   Number         0  dma.o ABSOLUTE
    ..\Core\Src\gpio.c                       0x00000000   Number         0  gpio.o ABSOLUTE
    ..\Core\Src\main.c                       0x00000000   Number         0  main.o ABSOLUTE
    ..\Core\Src\stm32f1xx_hal_msp.c          0x00000000   Number         0  stm32f1xx_hal_msp.o ABSOLUTE
    ..\Core\Src\stm32f1xx_it.c               0x00000000   Number         0  stm32f1xx_it.o ABSOLUTE
    ..\Core\Src\system_stm32f1xx.c           0x00000000   Number         0  system_stm32f1xx.o ABSOLUTE
    ..\Core\Src\usart.c                      0x00000000   Number         0  usart.o ABSOLUTE
    ..\Drivers\STM32F1xx_HAL_Driver\Src\stm32f1xx_hal.c 0x00000000   Number         0  stm32f1xx_hal.o ABSOLUTE
    ..\Drivers\STM32F1xx_HAL_Driver\Src\stm32f1xx_hal_adc.c 0x00000000   Number         0  stm32f1xx_hal_adc.o ABSOLUTE
    ..\Drivers\STM32F1xx_HAL_Driver\Src\stm32f1xx_hal_adc_ex.c 0x00000000   Number         0  stm32f1xx_hal_adc_ex.o ABSOLUTE
    ..\Drivers\STM32F1xx_HAL_Driver\Src\stm32f1xx_hal_cortex.c 0x00000000   Number         0  stm32f1xx_hal_cortex.o ABSOLUTE
    ..\Drivers\STM32F1xx_HAL_Driver\Src\stm32f1xx_hal_dma.c 0x00000000   Number         0  stm32f1xx_hal_dma.o ABSOLUTE
    ..\Drivers\STM32F1xx_HAL_Driver\Src\stm32f1xx_hal_exti.c 0x00000000   Number         0  stm32f1xx_hal_exti.o ABSOLUTE
    ..\Drivers\STM32F1xx_HAL_Driver\Src\stm32f1xx_hal_flash.c 0x00000000   Number         0  stm32f1xx_hal_flash.o ABSOLUTE
    ..\Drivers\STM32F1xx_HAL_Driver\Src\stm32f1xx_hal_flash_ex.c 0x00000000   Number         0  stm32f1xx_hal_flash_ex.o ABSOLUTE
    ..\Drivers\STM32F1xx_HAL_Driver\Src\stm32f1xx_hal_gpio.c 0x00000000   Number         0  stm32f1xx_hal_gpio.o ABSOLUTE
    ..\Drivers\STM32F1xx_HAL_Driver\Src\stm32f1xx_hal_gpio_ex.c 0x00000000   Number         0  stm32f1xx_hal_gpio_ex.o ABSOLUTE
    ..\Drivers\STM32F1xx_HAL_Driver\Src\stm32f1xx_hal_pwr.c 0x00000000   Number         0  stm32f1xx_hal_pwr.o ABSOLUTE
    ..\Drivers\STM32F1xx_HAL_Driver\Src\stm32f1xx_hal_rcc.c 0x00000000   Number         0  stm32f1xx_hal_rcc.o ABSOLUTE
    ..\Drivers\STM32F1xx_HAL_Driver\Src\stm32f1xx_hal_rcc_ex.c 0x00000000   Number         0  stm32f1xx_hal_rcc_ex.o ABSOLUTE
    ..\Drivers\STM32F1xx_HAL_Driver\Src\stm32f1xx_hal_uart.c 0x00000000   Number         0  stm32f1xx_hal_uart.o ABSOLUTE
    dc.s                                     0x00000000   Number         0  dc.o ABSOLUTE
    startup_stm32f103xb.s                    0x00000000   Number         0  startup_stm32f103xb.o ABSOLUTE
    RESET                                    0x08000000   Section      236  startup_stm32f103xb.o(RESET)
    !!!main                                  0x080000ec   Section        8  __main.o(!!!main)
    !!!scatter                               0x080000f4   Section       52  __scatter.o(!!!scatter)
    !!handler_copy                           0x08000128   Section       26  __scatter_copy.o(!!handler_copy)
    !!handler_zi                             0x08000144   Section       28  __scatter_zi.o(!!handler_zi)
    .ARM.Collect$$libinit$$00000000          0x08000160   Section        2  libinit.o(.ARM.Collect$$libinit$$00000000)
    .ARM.Collect$$libinit$$00000002          0x08000162   Section        0  libinit2.o(.ARM.Collect$$libinit$$00000002)
    .ARM.Collect$$libinit$$00000004          0x08000162   Section        0  libinit2.o(.ARM.Collect$$libinit$$00000004)
    .ARM.Collect$$libinit$$0000000A          0x08000162   Section        0  libinit2.o(.ARM.Collect$$libinit$$0000000A)
    .ARM.Collect$$libinit$$0000000C          0x08000162   Section        0  libinit2.o(.ARM.Collect$$libinit$$0000000C)
    .ARM.Collect$$libinit$$0000000E          0x08000162   Section        0  libinit2.o(.ARM.Collect$$libinit$$0000000E)
    .ARM.Collect$$libinit$$00000011          0x08000162   Section        0  libinit2.o(.ARM.Collect$$libinit$$00000011)
    .ARM.Collect$$libinit$$00000013          0x08000162   Section        0  libinit2.o(.ARM.Collect$$libinit$$00000013)
    .ARM.Collect$$libinit$$00000015          0x08000162   Section        0  libinit2.o(.ARM.Collect$$libinit$$00000015)
    .ARM.Collect$$libinit$$00000017          0x08000162   Section        0  libinit2.o(.ARM.Collect$$libinit$$00000017)
    .ARM.Collect$$libinit$$00000019          0x08000162   Section        0  libinit2.o(.ARM.Collect$$libinit$$00000019)
    .ARM.Collect$$libinit$$0000001B          0x08000162   Section        0  libinit2.o(.ARM.Collect$$libinit$$0000001B)
    .ARM.Collect$$libinit$$0000001D          0x08000162   Section        0  libinit2.o(.ARM.Collect$$libinit$$0000001D)
    .ARM.Collect$$libinit$$0000001F          0x08000162   Section        0  libinit2.o(.ARM.Collect$$libinit$$0000001F)
    .ARM.Collect$$libinit$$00000021          0x08000162   Section        0  libinit2.o(.ARM.Collect$$libinit$$00000021)
    .ARM.Collect$$libinit$$00000023          0x08000162   Section        0  libinit2.o(.ARM.Collect$$libinit$$00000023)
    .ARM.Collect$$libinit$$00000025          0x08000162   Section        0  libinit2.o(.ARM.Collect$$libinit$$00000025)
    .ARM.Collect$$libinit$$0000002C          0x08000162   Section        0  libinit2.o(.ARM.Collect$$libinit$$0000002C)
    .ARM.Collect$$libinit$$0000002E          0x08000162   Section        0  libinit2.o(.ARM.Collect$$libinit$$0000002E)
    .ARM.Collect$$libinit$$00000030          0x08000162   Section        0  libinit2.o(.ARM.Collect$$libinit$$00000030)
    .ARM.Collect$$libinit$$00000032          0x08000162   Section        0  libinit2.o(.ARM.Collect$$libinit$$00000032)
    .ARM.Collect$$libinit$$00000033          0x08000162   Section        2  libinit2.o(.ARM.Collect$$libinit$$00000033)
    .ARM.Collect$$libshutdown$$00000000      0x08000164   Section        2  libshutdown.o(.ARM.Collect$$libshutdown$$00000000)
    .ARM.Collect$$libshutdown$$00000002      0x08000166   Section        0  libshutdown2.o(.ARM.Collect$$libshutdown$$00000002)
    .ARM.Collect$$libshutdown$$00000004      0x08000166   Section        0  libshutdown2.o(.ARM.Collect$$libshutdown$$00000004)
    .ARM.Collect$$libshutdown$$00000007      0x08000166   Section        0  libshutdown2.o(.ARM.Collect$$libshutdown$$00000007)
    .ARM.Collect$$libshutdown$$0000000A      0x08000166   Section        0  libshutdown2.o(.ARM.Collect$$libshutdown$$0000000A)
    .ARM.Collect$$libshutdown$$0000000C      0x08000166   Section        0  libshutdown2.o(.ARM.Collect$$libshutdown$$0000000C)
    .ARM.Collect$$libshutdown$$0000000F      0x08000166   Section        0  libshutdown2.o(.ARM.Collect$$libshutdown$$0000000F)
    .ARM.Collect$$libshutdown$$00000010      0x08000166   Section        2  libshutdown2.o(.ARM.Collect$$libshutdown$$00000010)
    .ARM.Collect$$rtentry$$00000000          0x08000168   Section        0  __rtentry.o(.ARM.Collect$$rtentry$$00000000)
    .ARM.Collect$$rtentry$$00000002          0x08000168   Section        0  __rtentry2.o(.ARM.Collect$$rtentry$$00000002)
    .ARM.Collect$$rtentry$$00000004          0x08000168   Section        6  __rtentry4.o(.ARM.Collect$$rtentry$$00000004)
    .ARM.Collect$$rtentry$$00000009          0x0800016e   Section        0  __rtentry2.o(.ARM.Collect$$rtentry$$00000009)
    .ARM.Collect$$rtentry$$0000000A          0x0800016e   Section        4  __rtentry2.o(.ARM.Collect$$rtentry$$0000000A)
    .ARM.Collect$$rtentry$$0000000C          0x08000172   Section        0  __rtentry2.o(.ARM.Collect$$rtentry$$0000000C)
    .ARM.Collect$$rtentry$$0000000D          0x08000172   Section        8  __rtentry2.o(.ARM.Collect$$rtentry$$0000000D)
    .ARM.Collect$$rtexit$$00000000           0x0800017a   Section        2  rtexit.o(.ARM.Collect$$rtexit$$00000000)
    .ARM.Collect$$rtexit$$00000002           0x0800017c   Section        0  rtexit2.o(.ARM.Collect$$rtexit$$00000002)
    .ARM.Collect$$rtexit$$00000003           0x0800017c   Section        4  rtexit2.o(.ARM.Collect$$rtexit$$00000003)
    .ARM.Collect$$rtexit$$00000004           0x08000180   Section        6  rtexit2.o(.ARM.Collect$$rtexit$$00000004)
    .text                                    0x08000188   Section       64  startup_stm32f103xb.o(.text)
    .text                                    0x080001c8   Section       78  rt_memclr_w.o(.text)
    .text                                    0x08000216   Section        0  heapauxi.o(.text)
    .text                                    0x0800021c   Section       74  sys_stackheap_outer.o(.text)
    .text                                    0x08000266   Section        0  exit.o(.text)
    .text                                    0x08000278   Section        8  libspace.o(.text)
    .text                                    0x08000280   Section        0  sys_exit.o(.text)
    .text                                    0x0800028c   Section        2  use_no_semi.o(.text)
    .text                                    0x0800028e   Section        0  indicate_semi.o(.text)
    i.ADC_ConversionStop_Disable             0x0800028e   Section        0  stm32f1xx_hal_adc.o(i.ADC_ConversionStop_Disable)
    i.ADC_DMAConvCplt                        0x080002ea   Section        0  stm32f1xx_hal_adc.o(i.ADC_DMAConvCplt)
    i.ADC_DMAError                           0x0800033c   Section        0  stm32f1xx_hal_adc.o(i.ADC_DMAError)
    i.ADC_DMAHalfConvCplt                    0x0800035a   Section        0  stm32f1xx_hal_adc.o(i.ADC_DMAHalfConvCplt)
    i.ADC_Enable                             0x08000368   Section        0  stm32f1xx_hal_adc.o(i.ADC_Enable)
    i.BusFault_Handler                       0x080003f8   Section        0  stm32f1xx_it.o(i.BusFault_Handler)
    i.DMA1_Channel1_IRQHandler               0x080003fc   Section        0  stm32f1xx_it.o(i.DMA1_Channel1_IRQHandler)
    i.DebugMon_Handler                       0x0800040c   Section        0  stm32f1xx_it.o(i.DebugMon_Handler)
    i.Error_Handler                          0x0800040e   Section        0  main.o(i.Error_Handler)
    i.HAL_ADCEx_Calibration_Start            0x08000414   Section        0  stm32f1xx_hal_adc_ex.o(i.HAL_ADCEx_Calibration_Start)
    i.HAL_ADC_ConfigChannel                  0x08000530   Section        0  stm32f1xx_hal_adc.o(i.HAL_ADC_ConfigChannel)
    i.HAL_ADC_ConvCpltCallback               0x08000690   Section        0  stm32f1xx_hal_adc.o(i.HAL_ADC_ConvCpltCallback)
    i.HAL_ADC_ConvHalfCpltCallback           0x08000692   Section        0  stm32f1xx_hal_adc.o(i.HAL_ADC_ConvHalfCpltCallback)
    i.HAL_ADC_ErrorCallback                  0x08000694   Section        0  stm32f1xx_hal_adc.o(i.HAL_ADC_ErrorCallback)
    i.HAL_ADC_GetState                       0x08000696   Section        0  stm32f1xx_hal_adc.o(i.HAL_ADC_GetState)
    i.HAL_ADC_GetValue                       0x0800069c   Section        0  stm32f1xx_hal_adc.o(i.HAL_ADC_GetValue)
    i.HAL_ADC_Init                           0x080006a4   Section        0  stm32f1xx_hal_adc.o(i.HAL_ADC_Init)
    i.HAL_ADC_MspInit                        0x080007e8   Section        0  adc.o(i.HAL_ADC_MspInit)
    i.HAL_ADC_PollForConversion              0x080008e8   Section        0  stm32f1xx_hal_adc.o(i.HAL_ADC_PollForConversion)
    i.HAL_ADC_Start                          0x08000a68   Section        0  stm32f1xx_hal_adc.o(i.HAL_ADC_Start)
    i.HAL_ADC_Start_DMA                      0x08000b98   Section        0  stm32f1xx_hal_adc.o(i.HAL_ADC_Start_DMA)
    i.HAL_DMA_IRQHandler                     0x08000d18   Section        0  stm32f1xx_hal_dma.o(i.HAL_DMA_IRQHandler)
    i.HAL_DMA_Init                           0x08000eb4   Section        0  stm32f1xx_hal_dma.o(i.HAL_DMA_Init)
    i.HAL_DMA_Start_IT                       0x08000f1c   Section        0  stm32f1xx_hal_dma.o(i.HAL_DMA_Start_IT)
    i.HAL_Delay                              0x08000fb8   Section        0  stm32f1xx_hal.o(i.HAL_Delay)
    i.HAL_GPIO_Init                          0x08000fe0   Section        0  stm32f1xx_hal_gpio.o(i.HAL_GPIO_Init)
    i.HAL_GetTick                            0x08001300   Section        0  stm32f1xx_hal.o(i.HAL_GetTick)
    i.HAL_IncTick                            0x0800130c   Section        0  stm32f1xx_hal.o(i.HAL_IncTick)
    i.HAL_Init                               0x08001324   Section        0  stm32f1xx_hal.o(i.HAL_Init)
    i.HAL_InitTick                           0x0800134c   Section        0  stm32f1xx_hal.o(i.HAL_InitTick)
    i.HAL_MspInit                            0x08001398   Section        0  stm32f1xx_hal_msp.o(i.HAL_MspInit)
    i.HAL_NVIC_EnableIRQ                     0x080013ec   Section        0  stm32f1xx_hal_cortex.o(i.HAL_NVIC_EnableIRQ)
    i.HAL_NVIC_SetPriority                   0x0800140c   Section        0  stm32f1xx_hal_cortex.o(i.HAL_NVIC_SetPriority)
    i.HAL_NVIC_SetPriorityGrouping           0x08001488   Section        0  stm32f1xx_hal_cortex.o(i.HAL_NVIC_SetPriorityGrouping)
    i.HAL_RCCEx_GetPeriphCLKFreq             0x080014b0   Section        0  stm32f1xx_hal_rcc_ex.o(i.HAL_RCCEx_GetPeriphCLKFreq)
    i.HAL_RCCEx_PeriphCLKConfig              0x080015ac   Section        0  stm32f1xx_hal_rcc_ex.o(i.HAL_RCCEx_PeriphCLKConfig)
    i.HAL_RCC_ClockConfig                    0x080016dc   Section        0  stm32f1xx_hal_rcc.o(i.HAL_RCC_ClockConfig)
    i.HAL_RCC_GetHCLKFreq                    0x08001868   Section        0  stm32f1xx_hal_rcc.o(i.HAL_RCC_GetHCLKFreq)
    i.HAL_RCC_GetPCLK1Freq                   0x08001874   Section        0  stm32f1xx_hal_rcc.o(i.HAL_RCC_GetPCLK1Freq)
    i.HAL_RCC_GetPCLK2Freq                   0x08001894   Section        0  stm32f1xx_hal_rcc.o(i.HAL_RCC_GetPCLK2Freq)
    i.HAL_RCC_GetSysClockFreq                0x080018b4   Section        0  stm32f1xx_hal_rcc.o(i.HAL_RCC_GetSysClockFreq)
    i.HAL_RCC_OscConfig                      0x08001924   Section        0  stm32f1xx_hal_rcc.o(i.HAL_RCC_OscConfig)
    i.HAL_SYSTICK_Config                     0x08001d88   Section        0  stm32f1xx_hal_cortex.o(i.HAL_SYSTICK_Config)
    i.HAL_UART_Init                          0x08001dbc   Section        0  stm32f1xx_hal_uart.o(i.HAL_UART_Init)
    i.HAL_UART_MspInit                       0x08001e34   Section        0  usart.o(i.HAL_UART_MspInit)
    i.HardFault_Handler                      0x08001ebc   Section        0  stm32f1xx_it.o(i.HardFault_Handler)
    i.MX_ADC1_Init                           0x08001ec0   Section        0  adc.o(i.MX_ADC1_Init)
    i.MX_ADC2_Init                           0x08001f18   Section        0  adc.o(i.MX_ADC2_Init)
    i.MX_DMA_Init                            0x08001f74   Section        0  dma.o(i.MX_DMA_Init)
    i.MX_GPIO_Init                           0x08001fa8   Section        0  gpio.o(i.MX_GPIO_Init)
    i.MX_USART1_UART_Init                    0x08001fe8   Section        0  usart.o(i.MX_USART1_UART_Init)
    i.MemManage_Handler                      0x08002020   Section        0  stm32f1xx_it.o(i.MemManage_Handler)
    i.NMI_Handler                            0x08002024   Section        0  stm32f1xx_it.o(i.NMI_Handler)
    i.PendSV_Handler                         0x08002028   Section        0  stm32f1xx_it.o(i.PendSV_Handler)
    i.SVC_Handler                            0x0800202a   Section        0  stm32f1xx_it.o(i.SVC_Handler)
    i.SysTick_Handler                        0x0800202c   Section        0  stm32f1xx_it.o(i.SysTick_Handler)
    i.SystemInit                             0x08002034   Section        0  system_stm32f1xx.o(i.SystemInit)
    i.UsageFault_Handler                     0x08002036   Section        0  stm32f1xx_it.o(i.UsageFault_Handler)
    i._Z18SystemClock_Configv                0x0800203a   Section        0  main.o(i._Z18SystemClock_Configv)
    i._ZN41_INTERNAL_19_stm32f1xx_hal_dma_c_c25f65ec13DMA_SetConfigEP19__DMA_HandleTypeDefjjj 0x080020be   Section        0  stm32f1xx_hal_dma.o(i._ZN41_INTERNAL_19_stm32f1xx_hal_dma_c_c25f65ec13DMA_SetConfigEP19__DMA_HandleTypeDefjjj)
    [local to stm32f1xx_hal_dma_c]::DMA_SetConfig(__DMA_HandleTypeDef*, unsigned, unsigned, unsigned) 0x080020bf   Thumb Code    44  stm32f1xx_hal_dma.o(i._ZN41_INTERNAL_19_stm32f1xx_hal_dma_c_c25f65ec13DMA_SetConfigEP19__DMA_HandleTypeDefjjj)
    i._ZN41_INTERNAL_19_stm32f1xx_hal_rcc_c_b7071a4b9RCC_DelayEj 0x080020ec   Section        0  stm32f1xx_hal_rcc.o(i._ZN41_INTERNAL_19_stm32f1xx_hal_rcc_c_b7071a4b9RCC_DelayEj)
    [local to stm32f1xx_hal_rcc_c]::RCC_Delay(unsigned) 0x080020ed   Thumb Code    36  stm32f1xx_hal_rcc.o(i._ZN41_INTERNAL_19_stm32f1xx_hal_rcc_c_b7071a4b9RCC_DelayEj)
    i._ZN42_INTERNAL_20_stm32f1xx_hal_uart_c_d497114f14UART_SetConfigEP20__UART_HandleTypeDef 0x08002114   Section        0  stm32f1xx_hal_uart.o(i._ZN42_INTERNAL_20_stm32f1xx_hal_uart_c_d497114f14UART_SetConfigEP20__UART_HandleTypeDef)
    [local to stm32f1xx_hal_uart_c]::UART_SetConfig(__UART_HandleTypeDef*) 0x08002115   Thumb Code   248  stm32f1xx_hal_uart.o(i._ZN42_INTERNAL_20_stm32f1xx_hal_uart_c_d497114f14UART_SetConfigEP20__UART_HandleTypeDef)
    i._ZN44_INTERNAL_22_stm32f1xx_hal_cortex_c_2992dbc018__NVIC_SetPriorityE9IRQn_Typej 0x08002210   Section        0  stm32f1xx_hal_cortex.o(i._ZN44_INTERNAL_22_stm32f1xx_hal_cortex_c_2992dbc018__NVIC_SetPriorityE9IRQn_Typej)
    [local to stm32f1xx_hal_cortex_c]::__NVIC_SetPriority(IRQn_Type, unsigned) 0x08002211   Thumb Code    32  stm32f1xx_hal_cortex.o(i._ZN44_INTERNAL_22_stm32f1xx_hal_cortex_c_2992dbc018__NVIC_SetPriorityE9IRQn_Typej)
    i._ZN44_INTERNAL_22_stm32f1xx_hal_cortex_c_2992dbc026__NVIC_GetPriorityGroupingEv 0x08002238   Section        0  stm32f1xx_hal_cortex.o(i._ZN44_INTERNAL_22_stm32f1xx_hal_cortex_c_2992dbc026__NVIC_GetPriorityGroupingEv)
    [local to stm32f1xx_hal_cortex_c]::__NVIC_GetPriorityGrouping() 0x08002239   Thumb Code    10  stm32f1xx_hal_cortex.o(i._ZN44_INTERNAL_22_stm32f1xx_hal_cortex_c_2992dbc026__NVIC_GetPriorityGroupingEv)
    i.main                                   0x08002248   Section        0  main.o(i.main)
    x$fpl$fdiv                               0x080022e4   Section      388  fdiv.o(x$fpl$fdiv)
    _fdiv1                                   0x080022e5   Thumb Code     0  fdiv.o(x$fpl$fdiv)
    x$fpl$ffltu                              0x08002468   Section       38  fflt_clz.o(x$fpl$ffltu)
    x$fpl$fmul                               0x08002490   Section      258  fmul.o(x$fpl$fmul)
    x$fpl$fnaninf                            0x08002592   Section      140  fnaninf.o(x$fpl$fnaninf)
    x$fpl$fretinf                            0x0800261e   Section       10  fretinf.o(x$fpl$fretinf)
    .constdata                               0x08002628   Section       18  stm32f1xx_hal_rcc.o(.constdata)
    x$fpl$usenofp                            0x08002628   Section        0  usenofp.o(x$fpl$usenofp)
    HAL_RCC_GetSysClockFreq::aPLLMULFactorTable 0x08002628   Data          16  stm32f1xx_hal_rcc.o(.constdata)
    HAL_RCC_GetSysClockFreq::aPredivFactorTable 0x08002638   Data           2  stm32f1xx_hal_rcc.o(.constdata)
    .constdata                               0x0800263a   Section       18  stm32f1xx_hal_rcc_ex.o(.constdata)
    HAL_RCCEx_GetPeriphCLKFreq::aPLLMULFactorTable 0x0800263a   Data          16  stm32f1xx_hal_rcc_ex.o(.constdata)
    HAL_RCCEx_GetPeriphCLKFreq::aPredivFactorTable 0x0800264a   Data           2  stm32f1xx_hal_rcc_ex.o(.constdata)
    .constdata                               0x0800264c   Section       24  system_stm32f1xx.o(.constdata)
    .data                                    0x20000000   Section       22  main.o(.data)
    .data                                    0x20000018   Section        9  stm32f1xx_hal.o(.data)
    .data                                    0x20000024   Section        4  system_stm32f1xx.o(.data)
    .bss                                     0x20000028   Section       48  main.o(.bss)
    .bss                                     0x20000058   Section      164  adc.o(.bss)
    .bss                                     0x200000fc   Section       72  usart.o(.bss)
    .bss                                     0x20000144   Section       96  libspace.o(.bss)
    HEAP                                     0x200001a8   Section      512  startup_stm32f103xb.o(HEAP)
    Heap_Mem                                 0x200001a8   Data         512  startup_stm32f103xb.o(HEAP)
    STACK                                    0x200003a8   Section     1024  startup_stm32f103xb.o(STACK)
    Stack_Mem                                0x200003a8   Data        1024  startup_stm32f103xb.o(STACK)
    __initial_sp                             0x200007a8   Data           0  startup_stm32f103xb.o(STACK)

    Global Symbols

    Symbol Name                              Value     Ov Type        Size  Object(Section)

    BuildAttributes$$THM_ISAv4$P$D$K$B$S$PE$A:L22UL41UL21$X:L11$S22US41US21$IEEE1$IW$USESV6$~STKCKD$USESV7$~SHL$OSPACE$ROPI$EBA8$UX$STANDARDLIB$REQ8$PRES8$EABIv2 0x00000000   Number         0  anon$$obj.o ABSOLUTE
    __ARM_use_no_argv                        0x00000000   Number         0  main.o ABSOLUTE
    __ARM_exceptions_init                     - Undefined Weak Reference
    __alloca_initialize                       - Undefined Weak Reference
    __arm_preinit_                            - Undefined Weak Reference
    __cpp_initialize__aeabi_                  - Undefined Weak Reference
    __cxa_finalize                            - Undefined Weak Reference
    __rt_locale                               - Undefined Weak Reference
    __sigvec_lookup                           - Undefined Weak Reference
    _atexit_init                              - Undefined Weak Reference
    _call_atexit_fns                          - Undefined Weak Reference
    _clock_init                               - Undefined Weak Reference
    _fp_trap_init                             - Undefined Weak Reference
    _fp_trap_shutdown                         - Undefined Weak Reference
    _get_lc_collate                           - Undefined Weak Reference
    _get_lc_ctype                             - Undefined Weak Reference
    _get_lc_monetary                          - Undefined Weak Reference
    _get_lc_numeric                           - Undefined Weak Reference
    _get_lc_time                              - Undefined Weak Reference
    _getenv_init                              - Undefined Weak Reference
    _handle_redirection                       - Undefined Weak Reference
    _init_alloc                               - Undefined Weak Reference
    _init_user_alloc                          - Undefined Weak Reference
    _initio                                   - Undefined Weak Reference
    _rand_init                                - Undefined Weak Reference
    _signal_finish                            - Undefined Weak Reference
    _signal_init                              - Undefined Weak Reference
    _terminate_alloc                          - Undefined Weak Reference
    _terminate_user_alloc                     - Undefined Weak Reference
    _terminateio                              - Undefined Weak Reference
    __Vectors_Size                           0x000000ec   Number         0  startup_stm32f103xb.o ABSOLUTE
    __Vectors                                0x08000000   Data           4  startup_stm32f103xb.o(RESET)
    __Vectors_End                            0x080000ec   Data           0  startup_stm32f103xb.o(RESET)
    __main                                   0x080000ed   Thumb Code     8  __main.o(!!!main)
    __scatterload                            0x080000f5   Thumb Code     0  __scatter.o(!!!scatter)
    __scatterload_rt2                        0x080000f5   Thumb Code    44  __scatter.o(!!!scatter)
    __scatterload_rt2_thumb_only             0x080000f5   Thumb Code     0  __scatter.o(!!!scatter)
    __scatterload_null                       0x08000103   Thumb Code     0  __scatter.o(!!!scatter)
    __scatterload_copy                       0x08000129   Thumb Code    26  __scatter_copy.o(!!handler_copy)
    __scatterload_zeroinit                   0x08000145   Thumb Code    28  __scatter_zi.o(!!handler_zi)
    __rt_lib_init                            0x08000161   Thumb Code     0  libinit.o(.ARM.Collect$$libinit$$00000000)
    __rt_lib_init_alloca_1                   0x08000163   Thumb Code     0  libinit2.o(.ARM.Collect$$libinit$$0000002E)
    __rt_lib_init_argv_1                     0x08000163   Thumb Code     0  libinit2.o(.ARM.Collect$$libinit$$0000002C)
    __rt_lib_init_atexit_1                   0x08000163   Thumb Code     0  libinit2.o(.ARM.Collect$$libinit$$0000001B)
    __rt_lib_init_clock_1                    0x08000163   Thumb Code     0  libinit2.o(.ARM.Collect$$libinit$$00000021)
    __rt_lib_init_cpp_1                      0x08000163   Thumb Code     0  libinit2.o(.ARM.Collect$$libinit$$00000032)
    __rt_lib_init_exceptions_1               0x08000163   Thumb Code     0  libinit2.o(.ARM.Collect$$libinit$$00000030)
    __rt_lib_init_fp_1                       0x08000163   Thumb Code     0  libinit2.o(.ARM.Collect$$libinit$$00000002)
    __rt_lib_init_fp_trap_1                  0x08000163   Thumb Code     0  libinit2.o(.ARM.Collect$$libinit$$0000001F)
    __rt_lib_init_getenv_1                   0x08000163   Thumb Code     0  libinit2.o(.ARM.Collect$$libinit$$00000023)
    __rt_lib_init_heap_1                     0x08000163   Thumb Code     0  libinit2.o(.ARM.Collect$$libinit$$0000000A)
    __rt_lib_init_lc_collate_1               0x08000163   Thumb Code     0  libinit2.o(.ARM.Collect$$libinit$$00000011)
    __rt_lib_init_lc_ctype_1                 0x08000163   Thumb Code     0  libinit2.o(.ARM.Collect$$libinit$$00000013)
    __rt_lib_init_lc_monetary_1              0x08000163   Thumb Code     0  libinit2.o(.ARM.Collect$$libinit$$00000015)
    __rt_lib_init_lc_numeric_1               0x08000163   Thumb Code     0  libinit2.o(.ARM.Collect$$libinit$$00000017)
    __rt_lib_init_lc_time_1                  0x08000163   Thumb Code     0  libinit2.o(.ARM.Collect$$libinit$$00000019)
    __rt_lib_init_preinit_1                  0x08000163   Thumb Code     0  libinit2.o(.ARM.Collect$$libinit$$00000004)
    __rt_lib_init_rand_1                     0x08000163   Thumb Code     0  libinit2.o(.ARM.Collect$$libinit$$0000000E)
    __rt_lib_init_return                     0x08000163   Thumb Code     0  libinit2.o(.ARM.Collect$$libinit$$00000033)
    __rt_lib_init_signal_1                   0x08000163   Thumb Code     0  libinit2.o(.ARM.Collect$$libinit$$0000001D)
    __rt_lib_init_stdio_1                    0x08000163   Thumb Code     0  libinit2.o(.ARM.Collect$$libinit$$00000025)
    __rt_lib_init_user_alloc_1               0x08000163   Thumb Code     0  libinit2.o(.ARM.Collect$$libinit$$0000000C)
    __rt_lib_shutdown                        0x08000165   Thumb Code     0  libshutdown.o(.ARM.Collect$$libshutdown$$00000000)
    __rt_lib_shutdown_cpp_1                  0x08000167   Thumb Code     0  libshutdown2.o(.ARM.Collect$$libshutdown$$00000002)
    __rt_lib_shutdown_fp_trap_1              0x08000167   Thumb Code     0  libshutdown2.o(.ARM.Collect$$libshutdown$$00000007)
    __rt_lib_shutdown_heap_1                 0x08000167   Thumb Code     0  libshutdown2.o(.ARM.Collect$$libshutdown$$0000000F)
    __rt_lib_shutdown_return                 0x08000167   Thumb Code     0  libshutdown2.o(.ARM.Collect$$libshutdown$$00000010)
    __rt_lib_shutdown_signal_1               0x08000167   Thumb Code     0  libshutdown2.o(.ARM.Collect$$libshutdown$$0000000A)
    __rt_lib_shutdown_stdio_1                0x08000167   Thumb Code     0  libshutdown2.o(.ARM.Collect$$libshutdown$$00000004)
    __rt_lib_shutdown_user_alloc_1           0x08000167   Thumb Code     0  libshutdown2.o(.ARM.Collect$$libshutdown$$0000000C)
    __rt_entry                               0x08000169   Thumb Code     0  __rtentry.o(.ARM.Collect$$rtentry$$00000000)
    __rt_entry_presh_1                       0x08000169   Thumb Code     0  __rtentry2.o(.ARM.Collect$$rtentry$$00000002)
    __rt_entry_sh                            0x08000169   Thumb Code     0  __rtentry4.o(.ARM.Collect$$rtentry$$00000004)
    __rt_entry_li                            0x0800016f   Thumb Code     0  __rtentry2.o(.ARM.Collect$$rtentry$$0000000A)
    __rt_entry_postsh_1                      0x0800016f   Thumb Code     0  __rtentry2.o(.ARM.Collect$$rtentry$$00000009)
    __rt_entry_main                          0x08000173   Thumb Code     0  __rtentry2.o(.ARM.Collect$$rtentry$$0000000D)
    __rt_entry_postli_1                      0x08000173   Thumb Code     0  __rtentry2.o(.ARM.Collect$$rtentry$$0000000C)
    __rt_exit                                0x0800017b   Thumb Code     0  rtexit.o(.ARM.Collect$$rtexit$$00000000)
    __rt_exit_ls                             0x0800017d   Thumb Code     0  rtexit2.o(.ARM.Collect$$rtexit$$00000003)
    __rt_exit_prels_1                        0x0800017d   Thumb Code     0  rtexit2.o(.ARM.Collect$$rtexit$$00000002)
    __rt_exit_exit                           0x08000181   Thumb Code     0  rtexit2.o(.ARM.Collect$$rtexit$$00000004)
    Reset_Handler                            0x08000189   Thumb Code     8  startup_stm32f103xb.o(.text)
    ADC1_2_IRQHandler                        0x080001a3   Thumb Code     0  startup_stm32f103xb.o(.text)
    CAN1_RX1_IRQHandler                      0x080001a3   Thumb Code     0  startup_stm32f103xb.o(.text)
    CAN1_SCE_IRQHandler                      0x080001a3   Thumb Code     0  startup_stm32f103xb.o(.text)
    DMA1_Channel2_IRQHandler                 0x080001a3   Thumb Code     0  startup_stm32f103xb.o(.text)
    DMA1_Channel3_IRQHandler                 0x080001a3   Thumb Code     0  startup_stm32f103xb.o(.text)
    DMA1_Channel4_IRQHandler                 0x080001a3   Thumb Code     0  startup_stm32f103xb.o(.text)
    DMA1_Channel5_IRQHandler                 0x080001a3   Thumb Code     0  startup_stm32f103xb.o(.text)
    DMA1_Channel6_IRQHandler                 0x080001a3   Thumb Code     0  startup_stm32f103xb.o(.text)
    DMA1_Channel7_IRQHandler                 0x080001a3   Thumb Code     0  startup_stm32f103xb.o(.text)
    EXTI0_IRQHandler                         0x080001a3   Thumb Code     0  startup_stm32f103xb.o(.text)
    EXTI15_10_IRQHandler                     0x080001a3   Thumb Code     0  startup_stm32f103xb.o(.text)
    EXTI1_IRQHandler                         0x080001a3   Thumb Code     0  startup_stm32f103xb.o(.text)
    EXTI2_IRQHandler                         0x080001a3   Thumb Code     0  startup_stm32f103xb.o(.text)
    EXTI3_IRQHandler                         0x080001a3   Thumb Code     0  startup_stm32f103xb.o(.text)
    EXTI4_IRQHandler                         0x080001a3   Thumb Code     0  startup_stm32f103xb.o(.text)
    EXTI9_5_IRQHandler                       0x080001a3   Thumb Code     0  startup_stm32f103xb.o(.text)
    FLASH_IRQHandler                         0x080001a3   Thumb Code     0  startup_stm32f103xb.o(.text)
    I2C1_ER_IRQHandler                       0x080001a3   Thumb Code     0  startup_stm32f103xb.o(.text)
    I2C1_EV_IRQHandler                       0x080001a3   Thumb Code     0  startup_stm32f103xb.o(.text)
    I2C2_ER_IRQHandler                       0x080001a3   Thumb Code     0  startup_stm32f103xb.o(.text)
    I2C2_EV_IRQHandler                       0x080001a3   Thumb Code     0  startup_stm32f103xb.o(.text)
    PVD_IRQHandler                           0x080001a3   Thumb Code     0  startup_stm32f103xb.o(.text)
    RCC_IRQHandler                           0x080001a3   Thumb Code     0  startup_stm32f103xb.o(.text)
    RTC_Alarm_IRQHandler                     0x080001a3   Thumb Code     0  startup_stm32f103xb.o(.text)
    RTC_IRQHandler                           0x080001a3   Thumb Code     0  startup_stm32f103xb.o(.text)
    SPI1_IRQHandler                          0x080001a3   Thumb Code     0  startup_stm32f103xb.o(.text)
    SPI2_IRQHandler                          0x080001a3   Thumb Code     0  startup_stm32f103xb.o(.text)
    TAMPER_IRQHandler                        0x080001a3   Thumb Code     0  startup_stm32f103xb.o(.text)
    TIM1_BRK_IRQHandler                      0x080001a3   Thumb Code     0  startup_stm32f103xb.o(.text)
    TIM1_CC_IRQHandler                       0x080001a3   Thumb Code     0  startup_stm32f103xb.o(.text)
    TIM1_TRG_COM_IRQHandler                  0x080001a3   Thumb Code     0  startup_stm32f103xb.o(.text)
    TIM1_UP_IRQHandler                       0x080001a3   Thumb Code     0  startup_stm32f103xb.o(.text)
    TIM2_IRQHandler                          0x080001a3   Thumb Code     0  startup_stm32f103xb.o(.text)
    TIM3_IRQHandler                          0x080001a3   Thumb Code     0  startup_stm32f103xb.o(.text)
    TIM4_IRQHandler                          0x080001a3   Thumb Code     0  startup_stm32f103xb.o(.text)
    USART1_IRQHandler                        0x080001a3   Thumb Code     0  startup_stm32f103xb.o(.text)
    USART2_IRQHandler                        0x080001a3   Thumb Code     0  startup_stm32f103xb.o(.text)
    USART3_IRQHandler                        0x080001a3   Thumb Code     0  startup_stm32f103xb.o(.text)
    USBWakeUp_IRQHandler                     0x080001a3   Thumb Code     0  startup_stm32f103xb.o(.text)
    USB_HP_CAN1_TX_IRQHandler                0x080001a3   Thumb Code     0  startup_stm32f103xb.o(.text)
    USB_LP_CAN1_RX0_IRQHandler               0x080001a3   Thumb Code     0  startup_stm32f103xb.o(.text)
    WWDG_IRQHandler                          0x080001a3   Thumb Code     0  startup_stm32f103xb.o(.text)
    __user_initial_stackheap                 0x080001a5   Thumb Code     0  startup_stm32f103xb.o(.text)
    __aeabi_memclr4                          0x080001c9   Thumb Code     0  rt_memclr_w.o(.text)
    __aeabi_memclr8                          0x080001c9   Thumb Code     0  rt_memclr_w.o(.text)
    __rt_memclr_w                            0x080001c9   Thumb Code    78  rt_memclr_w.o(.text)
    _memset_w                                0x080001cd   Thumb Code     0  rt_memclr_w.o(.text)
    __use_two_region_memory                  0x08000217   Thumb Code     2  heapauxi.o(.text)
    __rt_heap_escrow$2region                 0x08000219   Thumb Code     2  heapauxi.o(.text)
    __rt_heap_expand$2region                 0x0800021b   Thumb Code     2  heapauxi.o(.text)
    __user_setup_stackheap                   0x0800021d   Thumb Code    74  sys_stackheap_outer.o(.text)
    exit                                     0x08000267   Thumb Code    18  exit.o(.text)
    __user_libspace                          0x08000279   Thumb Code     8  libspace.o(.text)
    __user_perproc_libspace                  0x08000279   Thumb Code     0  libspace.o(.text)
    __user_perthread_libspace                0x08000279   Thumb Code     0  libspace.o(.text)
    _sys_exit                                0x08000281   Thumb Code     8  sys_exit.o(.text)
    __I$use$semihosting                      0x0800028d   Thumb Code     0  use_no_semi.o(.text)
    __use_no_semihosting_swi                 0x0800028d   Thumb Code     2  use_no_semi.o(.text)
    ADC_ConversionStop_Disable               0x0800028f   Thumb Code    92  stm32f1xx_hal_adc.o(i.ADC_ConversionStop_Disable)
    __semihosting_library_function           0x0800028f   Thumb Code     0  indicate_semi.o(.text)
    ADC_DMAConvCplt                          0x080002eb   Thumb Code    82  stm32f1xx_hal_adc.o(i.ADC_DMAConvCplt)
    ADC_DMAError                             0x0800033d   Thumb Code    30  stm32f1xx_hal_adc.o(i.ADC_DMAError)
    ADC_DMAHalfConvCplt                      0x0800035b   Thumb Code    14  stm32f1xx_hal_adc.o(i.ADC_DMAHalfConvCplt)
    ADC_Enable                               0x08000369   Thumb Code   134  stm32f1xx_hal_adc.o(i.ADC_Enable)
    BusFault_Handler                         0x080003f9   Thumb Code     4  stm32f1xx_it.o(i.BusFault_Handler)
    DMA1_Channel1_IRQHandler                 0x080003fd   Thumb Code    10  stm32f1xx_it.o(i.DMA1_Channel1_IRQHandler)
    DebugMon_Handler                         0x0800040d   Thumb Code     2  stm32f1xx_it.o(i.DebugMon_Handler)
    Error_Handler                            0x0800040f   Thumb Code     6  main.o(i.Error_Handler)
    HAL_ADCEx_Calibration_Start              0x08000415   Thumb Code   278  stm32f1xx_hal_adc_ex.o(i.HAL_ADCEx_Calibration_Start)
    HAL_ADC_ConfigChannel                    0x08000531   Thumb Code   338  stm32f1xx_hal_adc.o(i.HAL_ADC_ConfigChannel)
    HAL_ADC_ConvCpltCallback                 0x08000691   Thumb Code     2  stm32f1xx_hal_adc.o(i.HAL_ADC_ConvCpltCallback)
    HAL_ADC_ConvHalfCpltCallback             0x08000693   Thumb Code     2  stm32f1xx_hal_adc.o(i.HAL_ADC_ConvHalfCpltCallback)
    HAL_ADC_ErrorCallback                    0x08000695   Thumb Code     2  stm32f1xx_hal_adc.o(i.HAL_ADC_ErrorCallback)
    HAL_ADC_GetState                         0x08000697   Thumb Code     6  stm32f1xx_hal_adc.o(i.HAL_ADC_GetState)
    HAL_ADC_GetValue                         0x0800069d   Thumb Code     8  stm32f1xx_hal_adc.o(i.HAL_ADC_GetValue)
    HAL_ADC_Init                             0x080006a5   Thumb Code   314  stm32f1xx_hal_adc.o(i.HAL_ADC_Init)
    HAL_ADC_MspInit                          0x080007e9   Thumb Code   232  adc.o(i.HAL_ADC_MspInit)
    HAL_ADC_PollForConversion                0x080008e9   Thumb Code   366  stm32f1xx_hal_adc.o(i.HAL_ADC_PollForConversion)
    HAL_ADC_Start                            0x08000a69   Thumb Code   294  stm32f1xx_hal_adc.o(i.HAL_ADC_Start)
    HAL_ADC_Start_DMA                        0x08000b99   Thumb Code   362  stm32f1xx_hal_adc.o(i.HAL_ADC_Start_DMA)
    HAL_DMA_IRQHandler                       0x08000d19   Thumb Code   408  stm32f1xx_hal_dma.o(i.HAL_DMA_IRQHandler)
    HAL_DMA_Init                             0x08000eb5   Thumb Code   100  stm32f1xx_hal_dma.o(i.HAL_DMA_Init)
    HAL_DMA_Start_IT                         0x08000f1d   Thumb Code   156  stm32f1xx_hal_dma.o(i.HAL_DMA_Start_IT)
    HAL_Delay                                0x08000fb9   Thumb Code    36  stm32f1xx_hal.o(i.HAL_Delay)
    HAL_GPIO_Init                            0x08000fe1   Thumb Code   766  stm32f1xx_hal_gpio.o(i.HAL_GPIO_Init)
    HAL_GetTick                              0x08001301   Thumb Code     6  stm32f1xx_hal.o(i.HAL_GetTick)
    HAL_IncTick                              0x0800130d   Thumb Code    16  stm32f1xx_hal.o(i.HAL_IncTick)
    HAL_Init                                 0x08001325   Thumb Code    34  stm32f1xx_hal.o(i.HAL_Init)
    HAL_InitTick                             0x0800134d   Thumb Code    64  stm32f1xx_hal.o(i.HAL_InitTick)
    HAL_MspInit                              0x08001399   Thumb Code    76  stm32f1xx_hal_msp.o(i.HAL_MspInit)
    HAL_NVIC_EnableIRQ                       0x080013ed   Thumb Code    32  stm32f1xx_hal_cortex.o(i.HAL_NVIC_EnableIRQ)
    HAL_NVIC_SetPriority                     0x0800140d   Thumb Code   124  stm32f1xx_hal_cortex.o(i.HAL_NVIC_SetPriority)
    HAL_NVIC_SetPriorityGrouping             0x08001489   Thumb Code    32  stm32f1xx_hal_cortex.o(i.HAL_NVIC_SetPriorityGrouping)
    HAL_RCCEx_GetPeriphCLKFreq               0x080014b1   Thumb Code   232  stm32f1xx_hal_rcc_ex.o(i.HAL_RCCEx_GetPeriphCLKFreq)
    HAL_RCCEx_PeriphCLKConfig                0x080015ad   Thumb Code   290  stm32f1xx_hal_rcc_ex.o(i.HAL_RCCEx_PeriphCLKConfig)
    HAL_RCC_ClockConfig                      0x080016dd   Thumb Code   376  stm32f1xx_hal_rcc.o(i.HAL_RCC_ClockConfig)
    HAL_RCC_GetHCLKFreq                      0x08001869   Thumb Code     6  stm32f1xx_hal_rcc.o(i.HAL_RCC_GetHCLKFreq)
    HAL_RCC_GetPCLK1Freq                     0x08001875   Thumb Code    22  stm32f1xx_hal_rcc.o(i.HAL_RCC_GetPCLK1Freq)
    HAL_RCC_GetPCLK2Freq                     0x08001895   Thumb Code    22  stm32f1xx_hal_rcc.o(i.HAL_RCC_GetPCLK2Freq)
    HAL_RCC_GetSysClockFreq                  0x080018b5   Thumb Code    92  stm32f1xx_hal_rcc.o(i.HAL_RCC_GetSysClockFreq)
    HAL_RCC_OscConfig                        0x08001925   Thumb Code  1114  stm32f1xx_hal_rcc.o(i.HAL_RCC_OscConfig)
    HAL_SYSTICK_Config                       0x08001d89   Thumb Code    52  stm32f1xx_hal_cortex.o(i.HAL_SYSTICK_Config)
    HAL_UART_Init                            0x08001dbd   Thumb Code   118  stm32f1xx_hal_uart.o(i.HAL_UART_Init)
    HAL_UART_MspInit                         0x08001e35   Thumb Code   122  usart.o(i.HAL_UART_MspInit)
    HardFault_Handler                        0x08001ebd   Thumb Code     4  stm32f1xx_it.o(i.HardFault_Handler)
    MX_ADC1_Init                             0x08001ec1   Thumb Code    80  adc.o(i.MX_ADC1_Init)
    MX_ADC2_Init                             0x08001f19   Thumb Code    82  adc.o(i.MX_ADC2_Init)
    MX_DMA_Init                              0x08001f75   Thumb Code    48  dma.o(i.MX_DMA_Init)
    MX_GPIO_Init                             0x08001fa9   Thumb Code    58  gpio.o(i.MX_GPIO_Init)
    MX_USART1_UART_Init                      0x08001fe9   Thumb Code    46  usart.o(i.MX_USART1_UART_Init)
    MemManage_Handler                        0x08002021   Thumb Code     4  stm32f1xx_it.o(i.MemManage_Handler)
    NMI_Handler                              0x08002025   Thumb Code     4  stm32f1xx_it.o(i.NMI_Handler)
    PendSV_Handler                           0x08002029   Thumb Code     2  stm32f1xx_it.o(i.PendSV_Handler)
    SVC_Handler                              0x0800202b   Thumb Code     2  stm32f1xx_it.o(i.SVC_Handler)
    SysTick_Handler                          0x0800202d   Thumb Code     8  stm32f1xx_it.o(i.SysTick_Handler)
    SystemInit                               0x08002035   Thumb Code     2  system_stm32f1xx.o(i.SystemInit)
    UsageFault_Handler                       0x08002037   Thumb Code     4  stm32f1xx_it.o(i.UsageFault_Handler)
    SystemClock_Config()                     0x0800203b   Thumb Code   132  main.o(i._Z18SystemClock_Configv)
    main                                     0x08002249   Thumb Code   136  main.o(i.main)
    __aeabi_fdiv                             0x080022e5   Thumb Code     0  fdiv.o(x$fpl$fdiv)
    _fdiv                                    0x080022e5   Thumb Code   384  fdiv.o(x$fpl$fdiv)
    __aeabi_ui2f                             0x08002469   Thumb Code     0  fflt_clz.o(x$fpl$ffltu)
    _ffltu                                   0x08002469   Thumb Code    38  fflt_clz.o(x$fpl$ffltu)
    __aeabi_fmul                             0x08002491   Thumb Code     0  fmul.o(x$fpl$fmul)
    _fmul                                    0x08002491   Thumb Code   258  fmul.o(x$fpl$fmul)
    __fpl_fnaninf                            0x08002593   Thumb Code   140  fnaninf.o(x$fpl$fnaninf)
    __fpl_fretinf                            0x0800261f   Thumb Code    10  fretinf.o(x$fpl$fretinf)
    __I$use$fp                               0x08002628   Number         0  usenofp.o(x$fpl$usenofp)
    AHBPrescTable                            0x0800264c   Data          16  system_stm32f1xx.o(.constdata)
    APBPrescTable                            0x0800265c   Data           8  system_stm32f1xx.o(.constdata)
    Region$$Table$$Base                      0x08002664   Number         0  anon$$obj.o(Region$$Table)
    Region$$Table$$Limit                     0x08002684   Number         0  anon$$obj.o(Region$$Table)
    ADC2Value                                0x20000000   Data           2  main.o(.data)
    ADC1Transmit                             0x20000002   Data           4  main.o(.data)
    ADC2Transmit                             0x20000006   Data           4  main.o(.data)
    tADC1                                    0x2000000a   Data           6  main.o(.data)
    tADC2                                    0x20000010   Data           6  main.o(.data)
    uwTick                                   0x20000018   Data           4  stm32f1xx_hal.o(.data)
    uwTickPrio                               0x2000001c   Data           4  stm32f1xx_hal.o(.data)
    uwTickFreq                               0x20000020   Data           1  stm32f1xx_hal.o(.data)
    SystemCoreClock                          0x20000024   Data           4  system_stm32f1xx.o(.data)
    ADC1Value                                0x20000028   Data          48  main.o(.bss)
    hadc1                                    0x20000058   Data          48  adc.o(.bss)
    hadc2                                    0x20000088   Data          48  adc.o(.bss)
    hdma_adc1                                0x200000b8   Data          68  adc.o(.bss)
    huart1                                   0x200000fc   Data          72  usart.o(.bss)
    __libspace_start                         0x20000144   Data          96  libspace.o(.bss)
    __temporary_stack_top$libspace           0x200001a4   Data           0  libspace.o(.bss)



==============================================================================

Memory Map of the image

  Image Entry point : 0x080000ed

  Load Region LR_IROM1 (Base: 0x08000000, Size: 0x000026ac, Max: 0x00010000, ABSOLUTE)

    Execution Region ER_IROM1 (Exec base: 0x08000000, Load base: 0x08000000, Size: 0x00002684, Max: 0x00010000, ABSOLUTE)

    Exec Addr    Load Addr    Size         Type   Attr      Idx    E Section Name        Object

    0x08000000   0x08000000   0x000000ec   Data   RO            3    RESET               startup_stm32f103xb.o
    0x080000ec   0x080000ec   0x00000008   Code   RO         2402  * !!!main             c_w.l(__main.o)
    0x080000f4   0x080000f4   0x00000034   Code   RO         2576    !!!scatter          c_w.l(__scatter.o)
    0x08000128   0x08000128   0x0000001a   Code   RO         2578    !!handler_copy      c_w.l(__scatter_copy.o)
    0x08000142   0x08000142   0x00000002   PAD
    0x08000144   0x08000144   0x0000001c   Code   RO         2580    !!handler_zi        c_w.l(__scatter_zi.o)
    0x08000160   0x08000160   0x00000002   Code   RO         2446    .ARM.Collect$$libinit$$00000000  c_w.l(libinit.o)
    0x08000162   0x08000162   0x00000000   Code   RO         2453    .ARM.Collect$$libinit$$00000002  c_w.l(libinit2.o)
    0x08000162   0x08000162   0x00000000   Code   RO         2455    .ARM.Collect$$libinit$$00000004  c_w.l(libinit2.o)
    0x08000162   0x08000162   0x00000000   Code   RO         2458    .ARM.Collect$$libinit$$0000000A  c_w.l(libinit2.o)
    0x08000162   0x08000162   0x00000000   Code   RO         2460    .ARM.Collect$$libinit$$0000000C  c_w.l(libinit2.o)
    0x08000162   0x08000162   0x00000000   Code   RO         2462    .ARM.Collect$$libinit$$0000000E  c_w.l(libinit2.o)
    0x08000162   0x08000162   0x00000000   Code   RO         2465    .ARM.Collect$$libinit$$00000011  c_w.l(libinit2.o)
    0x08000162   0x08000162   0x00000000   Code   RO         2467    .ARM.Collect$$libinit$$00000013  c_w.l(libinit2.o)
    0x08000162   0x08000162   0x00000000   Code   RO         2469    .ARM.Collect$$libinit$$00000015  c_w.l(libinit2.o)
    0x08000162   0x08000162   0x00000000   Code   RO         2471    .ARM.Collect$$libinit$$00000017  c_w.l(libinit2.o)
    0x08000162   0x08000162   0x00000000   Code   RO         2473    .ARM.Collect$$libinit$$00000019  c_w.l(libinit2.o)
    0x08000162   0x08000162   0x00000000   Code   RO         2475    .ARM.Collect$$libinit$$0000001B  c_w.l(libinit2.o)
    0x08000162   0x08000162   0x00000000   Code   RO         2477    .ARM.Collect$$libinit$$0000001D  c_w.l(libinit2.o)
    0x08000162   0x08000162   0x00000000   Code   RO         2479    .ARM.Collect$$libinit$$0000001F  c_w.l(libinit2.o)
    0x08000162   0x08000162   0x00000000   Code   RO         2481    .ARM.Collect$$libinit$$00000021  c_w.l(libinit2.o)
    0x08000162   0x08000162   0x00000000   Code   RO         2483    .ARM.Collect$$libinit$$00000023  c_w.l(libinit2.o)
    0x08000162   0x08000162   0x00000000   Code   RO         2485    .ARM.Collect$$libinit$$00000025  c_w.l(libinit2.o)
    0x08000162   0x08000162   0x00000000   Code   RO         2489    .ARM.Collect$$libinit$$0000002C  c_w.l(libinit2.o)
    0x08000162   0x08000162   0x00000000   Code   RO         2491    .ARM.Collect$$libinit$$0000002E  c_w.l(libinit2.o)
    0x08000162   0x08000162   0x00000000   Code   RO         2493    .ARM.Collect$$libinit$$00000030  c_w.l(libinit2.o)
    0x08000162   0x08000162   0x00000000   Code   RO         2495    .ARM.Collect$$libinit$$00000032  c_w.l(libinit2.o)
    0x08000162   0x08000162   0x00000002   Code   RO         2496    .ARM.Collect$$libinit$$00000033  c_w.l(libinit2.o)
    0x08000164   0x08000164   0x00000002   Code   RO         2516    .ARM.Collect$$libshutdown$$00000000  c_w.l(libshutdown.o)
    0x08000166   0x08000166   0x00000000   Code   RO         2529    .ARM.Collect$$libshutdown$$00000002  c_w.l(libshutdown2.o)
    0x08000166   0x08000166   0x00000000   Code   RO         2531    .ARM.Collect$$libshutdown$$00000004  c_w.l(libshutdown2.o)
    0x08000166   0x08000166   0x00000000   Code   RO         2534    .ARM.Collect$$libshutdown$$00000007  c_w.l(libshutdown2.o)
    0x08000166   0x08000166   0x00000000   Code   RO         2537    .ARM.Collect$$libshutdown$$0000000A  c_w.l(libshutdown2.o)
    0x08000166   0x08000166   0x00000000   Code   RO         2539    .ARM.Collect$$libshutdown$$0000000C  c_w.l(libshutdown2.o)
    0x08000166   0x08000166   0x00000000   Code   RO         2542    .ARM.Collect$$libshutdown$$0000000F  c_w.l(libshutdown2.o)
    0x08000166   0x08000166   0x00000002   Code   RO         2543    .ARM.Collect$$libshutdown$$00000010  c_w.l(libshutdown2.o)
    0x08000168   0x08000168   0x00000000   Code   RO         2416    .ARM.Collect$$rtentry$$00000000  c_w.l(__rtentry.o)
    0x08000168   0x08000168   0x00000000   Code   RO         2423    .ARM.Collect$$rtentry$$00000002  c_w.l(__rtentry2.o)
    0x08000168   0x08000168   0x00000006   Code   RO         2435    .ARM.Collect$$rtentry$$00000004  c_w.l(__rtentry4.o)
    0x0800016e   0x0800016e   0x00000000   Code   RO         2425    .ARM.Collect$$rtentry$$00000009  c_w.l(__rtentry2.o)
    0x0800016e   0x0800016e   0x00000004   Code   RO         2426    .ARM.Collect$$rtentry$$0000000A  c_w.l(__rtentry2.o)
    0x08000172   0x08000172   0x00000000   Code   RO         2428    .ARM.Collect$$rtentry$$0000000C  c_w.l(__rtentry2.o)
    0x08000172   0x08000172   0x00000008   Code   RO         2429    .ARM.Collect$$rtentry$$0000000D  c_w.l(__rtentry2.o)
    0x0800017a   0x0800017a   0x00000002   Code   RO         2450    .ARM.Collect$$rtexit$$00000000  c_w.l(rtexit.o)
    0x0800017c   0x0800017c   0x00000000   Code   RO         2498    .ARM.Collect$$rtexit$$00000002  c_w.l(rtexit2.o)
    0x0800017c   0x0800017c   0x00000004   Code   RO         2499    .ARM.Collect$$rtexit$$00000003  c_w.l(rtexit2.o)
    0x08000180   0x08000180   0x00000006   Code   RO         2500    .ARM.Collect$$rtexit$$00000004  c_w.l(rtexit2.o)
    0x08000186   0x08000186   0x00000002   PAD
    0x08000188   0x08000188   0x00000040   Code   RO            4    .text               startup_stm32f103xb.o
    0x080001c8   0x080001c8   0x0000004e   Code   RO         2398    .text               c_w.l(rt_memclr_w.o)
    0x08000216   0x08000216   0x00000006   Code   RO         2400    .text               c_w.l(heapauxi.o)
    0x0800021c   0x0800021c   0x0000004a   Code   RO         2437    .text               c_w.l(sys_stackheap_outer.o)
    0x08000266   0x08000266   0x00000012   Code   RO         2439    .text               c_w.l(exit.o)
    0x08000278   0x08000278   0x00000008   Code   RO         2447    .text               c_w.l(libspace.o)
    0x08000280   0x08000280   0x0000000c   Code   RO         2508    .text               c_w.l(sys_exit.o)
    0x0800028c   0x0800028c   0x00000002   Code   RO         2519    .text               c_w.l(use_no_semi.o)
    0x0800028e   0x0800028e   0x00000000   Code   RO         2521    .text               c_w.l(indicate_semi.o)
    0x0800028e   0x0800028e   0x0000005c   Code   RO          461    i.ADC_ConversionStop_Disable  stm32f1xx_hal_adc.o
    0x080002ea   0x080002ea   0x00000052   Code   RO          462    i.ADC_DMAConvCplt   stm32f1xx_hal_adc.o
    0x0800033c   0x0800033c   0x0000001e   Code   RO          463    i.ADC_DMAError      stm32f1xx_hal_adc.o
    0x0800035a   0x0800035a   0x0000000e   Code   RO          464    i.ADC_DMAHalfConvCplt  stm32f1xx_hal_adc.o
    0x08000368   0x08000368   0x00000090   Code   RO          465    i.ADC_Enable        stm32f1xx_hal_adc.o
    0x080003f8   0x080003f8   0x00000004   Code   RO          305    i.BusFault_Handler  stm32f1xx_it.o
    0x080003fc   0x080003fc   0x00000010   Code   RO          306    i.DMA1_Channel1_IRQHandler  stm32f1xx_it.o
    0x0800040c   0x0800040c   0x00000002   Code   RO          307    i.DebugMon_Handler  stm32f1xx_it.o
    0x0800040e   0x0800040e   0x00000006   Code   RO           13    i.Error_Handler     main.o
    0x08000414   0x08000414   0x0000011c   Code   RO          668    i.HAL_ADCEx_Calibration_Start  stm32f1xx_hal_adc_ex.o
    0x08000530   0x08000530   0x00000160   Code   RO          467    i.HAL_ADC_ConfigChannel  stm32f1xx_hal_adc.o
    0x08000690   0x08000690   0x00000002   Code   RO          468    i.HAL_ADC_ConvCpltCallback  stm32f1xx_hal_adc.o
    0x08000692   0x08000692   0x00000002   Code   RO          469    i.HAL_ADC_ConvHalfCpltCallback  stm32f1xx_hal_adc.o
    0x08000694   0x08000694   0x00000002   Code   RO          471    i.HAL_ADC_ErrorCallback  stm32f1xx_hal_adc.o
    0x08000696   0x08000696   0x00000006   Code   RO          473    i.HAL_ADC_GetState  stm32f1xx_hal_adc.o
    0x0800069c   0x0800069c   0x00000008   Code   RO          474    i.HAL_ADC_GetValue  stm32f1xx_hal_adc.o
    0x080006a4   0x080006a4   0x00000144   Code   RO          476    i.HAL_ADC_Init      stm32f1xx_hal_adc.o
    0x080007e8   0x080007e8   0x00000100   Code   RO          184    i.HAL_ADC_MspInit   adc.o
    0x080008e8   0x080008e8   0x00000180   Code   RO          480    i.HAL_ADC_PollForConversion  stm32f1xx_hal_adc.o
    0x08000a68   0x08000a68   0x00000130   Code   RO          482    i.HAL_ADC_Start     stm32f1xx_hal_adc.o
    0x08000b98   0x08000b98   0x00000180   Code   RO          483    i.HAL_ADC_Start_DMA  stm32f1xx_hal_adc.o
    0x08000d18   0x08000d18   0x0000019c   Code   RO         1218    i.HAL_DMA_IRQHandler  stm32f1xx_hal_dma.o
    0x08000eb4   0x08000eb4   0x00000068   Code   RO         1219    i.HAL_DMA_Init      stm32f1xx_hal_dma.o
    0x08000f1c   0x08000f1c   0x0000009c   Code   RO         1222    i.HAL_DMA_Start_IT  stm32f1xx_hal_dma.o
    0x08000fb8   0x08000fb8   0x00000028   Code   RO          784    i.HAL_Delay         stm32f1xx_hal.o
    0x08000fe0   0x08000fe0   0x00000320   Code   RO         1142    i.HAL_GPIO_Init     stm32f1xx_hal_gpio.o
    0x08001300   0x08001300   0x0000000c   Code   RO          788    i.HAL_GetTick       stm32f1xx_hal.o
    0x0800130c   0x0800130c   0x00000018   Code   RO          794    i.HAL_IncTick       stm32f1xx_hal.o
    0x08001324   0x08001324   0x00000028   Code   RO          795    i.HAL_Init          stm32f1xx_hal.o
    0x0800134c   0x0800134c   0x0000004c   Code   RO          796    i.HAL_InitTick      stm32f1xx_hal.o
    0x08001398   0x08001398   0x00000054   Code   RO          397    i.HAL_MspInit       stm32f1xx_hal_msp.o
    0x080013ec   0x080013ec   0x00000020   Code   RO         1323    i.HAL_NVIC_EnableIRQ  stm32f1xx_hal_cortex.o
    0x0800140c   0x0800140c   0x0000007c   Code   RO         1329    i.HAL_NVIC_SetPriority  stm32f1xx_hal_cortex.o
    0x08001488   0x08001488   0x00000028   Code   RO         1330    i.HAL_NVIC_SetPriorityGrouping  stm32f1xx_hal_cortex.o
    0x080014b0   0x080014b0   0x000000fc   Code   RO         1100    i.HAL_RCCEx_GetPeriphCLKFreq  stm32f1xx_hal_rcc_ex.o
    0x080015ac   0x080015ac   0x00000130   Code   RO         1101    i.HAL_RCCEx_PeriphCLKConfig  stm32f1xx_hal_rcc_ex.o
    0x080016dc   0x080016dc   0x0000018c   Code   RO          977    i.HAL_RCC_ClockConfig  stm32f1xx_hal_rcc.o
    0x08001868   0x08001868   0x0000000c   Code   RO          982    i.HAL_RCC_GetHCLKFreq  stm32f1xx_hal_rcc.o
    0x08001874   0x08001874   0x00000020   Code   RO          984    i.HAL_RCC_GetPCLK1Freq  stm32f1xx_hal_rcc.o
    0x08001894   0x08001894   0x00000020   Code   RO          985    i.HAL_RCC_GetPCLK2Freq  stm32f1xx_hal_rcc.o
    0x080018b4   0x080018b4   0x00000070   Code   RO          986    i.HAL_RCC_GetSysClockFreq  stm32f1xx_hal_rcc.o
    0x08001924   0x08001924   0x00000464   Code   RO          989    i.HAL_RCC_OscConfig  stm32f1xx_hal_rcc.o
    0x08001d88   0x08001d88   0x00000034   Code   RO         1334    i.HAL_SYSTICK_Config  stm32f1xx_hal_cortex.o
    0x08001dbc   0x08001dbc   0x00000076   Code   RO         1953    i.HAL_UART_Init     stm32f1xx_hal_uart.o
    0x08001e32   0x08001e32   0x00000002   PAD
    0x08001e34   0x08001e34   0x00000088   Code   RO          261    i.HAL_UART_MspInit  usart.o
    0x08001ebc   0x08001ebc   0x00000004   Code   RO          308    i.HardFault_Handler  stm32f1xx_it.o
    0x08001ec0   0x08001ec0   0x00000058   Code   RO          185    i.MX_ADC1_Init      adc.o
    0x08001f18   0x08001f18   0x0000005c   Code   RO          186    i.MX_ADC2_Init      adc.o
    0x08001f74   0x08001f74   0x00000034   Code   RO          235    i.MX_DMA_Init       dma.o
    0x08001fa8   0x08001fa8   0x00000040   Code   RO          158    i.MX_GPIO_Init      gpio.o
    0x08001fe8   0x08001fe8   0x00000038   Code   RO          262    i.MX_USART1_UART_Init  usart.o
    0x08002020   0x08002020   0x00000004   Code   RO          309    i.MemManage_Handler  stm32f1xx_it.o
    0x08002024   0x08002024   0x00000004   Code   RO          310    i.NMI_Handler       stm32f1xx_it.o
    0x08002028   0x08002028   0x00000002   Code   RO          311    i.PendSV_Handler    stm32f1xx_it.o
    0x0800202a   0x0800202a   0x00000002   Code   RO          312    i.SVC_Handler       stm32f1xx_it.o
    0x0800202c   0x0800202c   0x00000008   Code   RO          313    i.SysTick_Handler   stm32f1xx_it.o
    0x08002034   0x08002034   0x00000002   Code   RO         2359    i.SystemInit        system_stm32f1xx.o
    0x08002036   0x08002036   0x00000004   Code   RO          314    i.UsageFault_Handler  stm32f1xx_it.o
    0x0800203a   0x0800203a   0x00000084   Code   RO           14    i._Z18SystemClock_Configv  main.o
    0x080020be   0x080020be   0x0000002c   Code   RO         1225    i._ZN41_INTERNAL_19_stm32f1xx_hal_dma_c_c25f65ec13DMA_SetConfigEP19__DMA_HandleTypeDefjjj  stm32f1xx_hal_dma.o
    0x080020ea   0x080020ea   0x00000002   PAD
    0x080020ec   0x080020ec   0x00000028   Code   RO          990    i._ZN41_INTERNAL_19_stm32f1xx_hal_rcc_c_b7071a4b9RCC_DelayEj  stm32f1xx_hal_rcc.o
    0x08002114   0x08002114   0x000000fc   Code   RO         1969    i._ZN42_INTERNAL_20_stm32f1xx_hal_uart_c_d497114f14UART_SetConfigEP20__UART_HandleTypeDef  stm32f1xx_hal_uart.o
    0x08002210   0x08002210   0x00000028   Code   RO         1336    i._ZN44_INTERNAL_22_stm32f1xx_hal_cortex_c_2992dbc018__NVIC_SetPriorityE9IRQn_Typej  stm32f1xx_hal_cortex.o
    0x08002238   0x08002238   0x00000010   Code   RO         1337    i._ZN44_INTERNAL_22_stm32f1xx_hal_cortex_c_2992dbc026__NVIC_GetPriorityGroupingEv  stm32f1xx_hal_cortex.o
    0x08002248   0x08002248   0x0000009c   Code   RO           15    i.main              main.o
    0x080022e4   0x080022e4   0x00000184   Code   RO         2405    x$fpl$fdiv          fz_ws.l(fdiv.o)
    0x08002468   0x08002468   0x00000026   Code   RO         2408    x$fpl$ffltu         fz_ws.l(fflt_clz.o)
    0x0800248e   0x0800248e   0x00000002   PAD
    0x08002490   0x08002490   0x00000102   Code   RO         2414    x$fpl$fmul          fz_ws.l(fmul.o)
    0x08002592   0x08002592   0x0000008c   Code   RO         2417    x$fpl$fnaninf       fz_ws.l(fnaninf.o)
    0x0800261e   0x0800261e   0x0000000a   Code   RO         2419    x$fpl$fretinf       fz_ws.l(fretinf.o)
    0x08002628   0x08002628   0x00000000   Code   RO         2421    x$fpl$usenofp       fz_ws.l(usenofp.o)
    0x08002628   0x08002628   0x00000012   Data   RO         1006    .constdata          stm32f1xx_hal_rcc.o
    0x0800263a   0x0800263a   0x00000012   Data   RO         1105    .constdata          stm32f1xx_hal_rcc_ex.o
    0x0800264c   0x0800264c   0x00000018   Data   RO         2362    .constdata          system_stm32f1xx.o
    0x08002664   0x08002664   0x00000020   Data   RO         2574    Region$$Table       anon$$obj.o


    Execution Region RW_IRAM1 (Exec base: 0x20000000, Load base: 0x08002684, Size: 0x000007a8, Max: 0x00005000, ABSOLUTE)

    Exec Addr    Load Addr    Size         Type   Attr      Idx    E Section Name        Object

    0x20000000   0x08002684   0x00000016   Data   RW           20    .data               main.o
    0x20000016   0x0800269a   0x00000002   PAD
    0x20000018   0x0800269c   0x00000009   Data   RW          827    .data               stm32f1xx_hal.o
    0x20000021   0x080026a5   0x00000003   PAD
    0x20000024   0x080026a8   0x00000004   Data   RW         2363    .data               system_stm32f1xx.o
    0x20000028        -       0x00000030   Zero   RW           19    .bss                main.o
    0x20000058        -       0x000000a4   Zero   RW          191    .bss                adc.o
    0x200000fc        -       0x00000048   Zero   RW          266    .bss                usart.o
    0x20000144        -       0x00000060   Zero   RW         2448    .bss                c_w.l(libspace.o)
    0x200001a4   0x080026ac   0x00000004   PAD
    0x200001a8        -       0x00000200   Zero   RW            2    HEAP                startup_stm32f103xb.o
    0x200003a8        -       0x00000400   Zero   RW            1    STACK               startup_stm32f103xb.o


==============================================================================

Image component sizes


      Code (inc. data)   RO Data    RW Data    ZI Data      Debug   Object Name

       436         42          0          0        164       2260   adc.o
        52          4          0          0          0        706   dma.o
        64          6          0          0          0        743   gpio.o
       294         20          0         22         48     416412   main.o
        64         26        236          0       1536        780   startup_stm32f103xb.o
       192         36          0          9          0       5681   stm32f1xx_hal.o
      2130         84          0          0          0      10952   stm32f1xx_hal_adc.o
       284          6          0          0          0       1426   stm32f1xx_hal_adc_ex.o
       304         22          0          0          0      29223   stm32f1xx_hal_cortex.o
       716          8          0          0          0       3367   stm32f1xx_hal_dma.o
       800         34          0          0          0       2020   stm32f1xx_hal_gpio.o
        84          8          0          0          0        858   stm32f1xx_hal_msp.o
      1748         98         18          0          0       5756   stm32f1xx_hal_rcc.o
       556         34         18          0          0       2309   stm32f1xx_hal_rcc_ex.o
       370          4          0          0          0       1704   stm32f1xx_hal_uart.o
        50          6          0          0          0       4109   stm32f1xx_it.o
         2          0         24          4          0       1055   system_stm32f1xx.o
       192         24          0          0         72       1566   usart.o

    ----------------------------------------------------------------------
      8342        462        328         40       1820     490927   Object Totals
         0          0         32          0          0          0   (incl. Generated)
         4          0          0          5          0          0   (incl. Padding)

    ----------------------------------------------------------------------

      Code (inc. data)   RO Data    RW Data    ZI Data      Debug   Library Member Name

         8          0          0          0          0         68   __main.o
         0          0          0          0          0          0   __rtentry.o
        12          0          0          0          0          0   __rtentry2.o
         6          0          0          0          0          0   __rtentry4.o
        52          8          0          0          0          0   __scatter.o
        26          0          0          0          0          0   __scatter_copy.o
        28          0          0          0          0          0   __scatter_zi.o
        18          0          0          0          0         80   exit.o
         6          0          0          0          0        152   heapauxi.o
         0          0          0          0          0          0   indicate_semi.o
         2          0          0          0          0          0   libinit.o
         2          0          0          0          0          0   libinit2.o
         2          0          0          0          0          0   libshutdown.o
         2          0          0          0          0          0   libshutdown2.o
         8          4          0          0         96         68   libspace.o
        78          0          0          0          0         80   rt_memclr_w.o
         2          0          0          0          0          0   rtexit.o
        10          0          0          0          0          0   rtexit2.o
        12          4          0          0          0         68   sys_exit.o
        74          0          0          0          0         80   sys_stackheap_outer.o
         2          0          0          0          0         68   use_no_semi.o
       388         76          0          0          0         96   fdiv.o
        38          0          0          0          0         68   fflt_clz.o
       258          4          0          0          0         84   fmul.o
       140          4          0          0          0         84   fnaninf.o
        10          0          0          0          0         68   fretinf.o
         0          0          0          0          0          0   usenofp.o

    ----------------------------------------------------------------------
      1190        100          0          0        100       1064   Library Totals
         6          0          0          0          4          0   (incl. Padding)

    ----------------------------------------------------------------------

      Code (inc. data)   RO Data    RW Data    ZI Data      Debug   Library Name

       350         16          0          0         96        664   c_w.l
       834         84          0          0          0        400   fz_ws.l

    ----------------------------------------------------------------------
      1190        100          0          0        100       1064   Library Totals

    ----------------------------------------------------------------------

==============================================================================


      Code (inc. data)   RO Data    RW Data    ZI Data      Debug   

      9532        562        328         40       1920     488451   Grand Totals
      9532        562        328         40       1920     488451   ELF Image Totals
      9532        562        328         40          0          0   ROM Totals

==============================================================================

    Total RO  Size (Code + RO Data)                 9860 (   9.63kB)
    Total RW  Size (RW Data + ZI Data)              1960 (   1.91kB)
    Total ROM Size (Code + RO Data + RW Data)       9900 (   9.67kB)

==============================================================================

